Archive member included to satisfy reference by file (symbol)

c:/program files (x86)/atollic/truestudio for arm 8.0.0/armtools/bin/../lib/gcc/arm-atollic-eabi/6.3.1/../../../../arm-atollic-eabi/lib/armv7e-m/fpu\libc_nano.a(lib_a-init.o)
                              src\startup_stm32f429x.o (__libc_init_array)
c:/program files (x86)/atollic/truestudio for arm 8.0.0/armtools/bin/../lib/gcc/arm-atollic-eabi/6.3.1/../../../../arm-atollic-eabi/lib/armv7e-m/fpu\libc_nano.a(lib_a-memset.o)
                              Libraries\DSP\ControllerFunctions\arm_pid_init_f32.o (memset)
c:/program files (x86)/atollic/truestudio for arm 8.0.0/armtools/bin/../lib/gcc/arm-atollic-eabi/6.3.1/../../../../arm-atollic-eabi/lib/armv7e-m/fpu\libc_nano.a(lib_a-strlen.o)
                              src\tiny_printf.o (strlen)
c:/program files (x86)/atollic/truestudio for arm 8.0.0/armtools/bin/../lib/gcc/arm-atollic-eabi/6.3.1/../../../../arm-atollic-eabi/lib/armv7e-m/fpu\libm.a(lib_a-wf_sqrt.o)
                              Libraries\DSP\ComplexMathFunctions\arm_cmplx_mag_f32.o (sqrtf)
c:/program files (x86)/atollic/truestudio for arm 8.0.0/armtools/bin/../lib/gcc/arm-atollic-eabi/6.3.1/../../../../arm-atollic-eabi/lib/armv7e-m/fpu\libm.a(lib_a-ef_sqrt.o)
                              c:/program files (x86)/atollic/truestudio for arm 8.0.0/armtools/bin/../lib/gcc/arm-atollic-eabi/6.3.1/../../../../arm-atollic-eabi/lib/armv7e-m/fpu\libm.a(lib_a-wf_sqrt.o) (__ieee754_sqrtf)
c:/program files (x86)/atollic/truestudio for arm 8.0.0/armtools/bin/../lib/gcc/arm-atollic-eabi/6.3.1/../../../../arm-atollic-eabi/lib/armv7e-m/fpu\libm.a(lib_a-s_lib_ver.o)
                              c:/program files (x86)/atollic/truestudio for arm 8.0.0/armtools/bin/../lib/gcc/arm-atollic-eabi/6.3.1/../../../../arm-atollic-eabi/lib/armv7e-m/fpu\libm.a(lib_a-wf_sqrt.o) (__fdlib_version)
c:/program files (x86)/atollic/truestudio for arm 8.0.0/armtools/bin/../lib/gcc/arm-atollic-eabi/6.3.1/../../../../arm-atollic-eabi/lib/armv7e-m/fpu\libm.a(lib_a-s_matherr.o)
                              c:/program files (x86)/atollic/truestudio for arm 8.0.0/armtools/bin/../lib/gcc/arm-atollic-eabi/6.3.1/../../../../arm-atollic-eabi/lib/armv7e-m/fpu\libm.a(lib_a-wf_sqrt.o) (matherr)
c:/program files (x86)/atollic/truestudio for arm 8.0.0/armtools/bin/../lib/gcc/arm-atollic-eabi/6.3.1/../../../../arm-atollic-eabi/lib/armv7e-m/fpu\libc_nano.a(lib_a-errno.o)
                              c:/program files (x86)/atollic/truestudio for arm 8.0.0/armtools/bin/../lib/gcc/arm-atollic-eabi/6.3.1/../../../../arm-atollic-eabi/lib/armv7e-m/fpu\libm.a(lib_a-wf_sqrt.o) (__errno)
c:/program files (x86)/atollic/truestudio for arm 8.0.0/armtools/bin/../lib/gcc/arm-atollic-eabi/6.3.1/../../../../arm-atollic-eabi/lib/armv7e-m/fpu\libc_nano.a(lib_a-impure.o)
                              c:/program files (x86)/atollic/truestudio for arm 8.0.0/armtools/bin/../lib/gcc/arm-atollic-eabi/6.3.1/../../../../arm-atollic-eabi/lib/armv7e-m/fpu\libc_nano.a(lib_a-errno.o) (_impure_ptr)
c:/program files (x86)/atollic/truestudio for arm 8.0.0/armtools/bin/../lib/gcc/arm-atollic-eabi/6.3.1/armv7e-m/fpu\libgcc.a(_arm_addsubdf3.o)
                              Libraries\DSP\StatisticsFunctions\arm_std_q15.o (__aeabi_ui2d)
c:/program files (x86)/atollic/truestudio for arm 8.0.0/armtools/bin/../lib/gcc/arm-atollic-eabi/6.3.1/armv7e-m/fpu\libgcc.a(_arm_muldivdf3.o)
                              Libraries\DSP\StatisticsFunctions\arm_std_q15.o (__aeabi_dmul)
c:/program files (x86)/atollic/truestudio for arm 8.0.0/armtools/bin/../lib/gcc/arm-atollic-eabi/6.3.1/armv7e-m/fpu\libgcc.a(_arm_fixdfsi.o)
                              Libraries\DSP\StatisticsFunctions\arm_std_q15.o (__aeabi_d2iz)
c:/program files (x86)/atollic/truestudio for arm 8.0.0/armtools/bin/../lib/gcc/arm-atollic-eabi/6.3.1/armv7e-m/fpu\libgcc.a(_arm_truncdfsf2.o)
                              c:/program files (x86)/atollic/truestudio for arm 8.0.0/armtools/bin/../lib/gcc/arm-atollic-eabi/6.3.1/../../../../arm-atollic-eabi/lib/armv7e-m/fpu\libm.a(lib_a-wf_sqrt.o) (__aeabi_d2f)
c:/program files (x86)/atollic/truestudio for arm 8.0.0/armtools/bin/../lib/gcc/arm-atollic-eabi/6.3.1/armv7e-m/fpu\libgcc.a(_aeabi_ldivmod.o)
                              Libraries\DSP\StatisticsFunctions\arm_mean_q31.o (__aeabi_ldivmod)
c:/program files (x86)/atollic/truestudio for arm 8.0.0/armtools/bin/../lib/gcc/arm-atollic-eabi/6.3.1/armv7e-m/fpu\libgcc.a(_fixsfdi.o)
                              Libraries\DSP\SupportFunctions\arm_float_to_q31.o (__aeabi_f2lz)
c:/program files (x86)/atollic/truestudio for arm 8.0.0/armtools/bin/../lib/gcc/arm-atollic-eabi/6.3.1/armv7e-m/fpu\libgcc.a(_fixunssfdi.o)
                              c:/program files (x86)/atollic/truestudio for arm 8.0.0/armtools/bin/../lib/gcc/arm-atollic-eabi/6.3.1/armv7e-m/fpu\libgcc.a(_fixsfdi.o) (__aeabi_f2ulz)
[...]
Memory Configuration

Name             Origin             Length             Attributes
FLASH            0x08000000         0x00200000         xr
RAM              0x20000000         0x00030000         xrw
MEMORY_B1        0x60000000         0x00000000         xr
CCMRAM           0x10000000         0x00010000         rw
*default*        0x00000000         0xffffffff

Linker script and memory map

LOAD c:/program files (x86)/atollic/truestudio for arm 8.0.0/armtools/bin/../lib/gcc/arm-atollic-eabi/6.3.1/armv7e-m/fpu/crti.o
LOAD c:/program files (x86)/atollic/truestudio for arm 8.0.0/armtools/bin/../lib/gcc/arm-atollic-eabi/6.3.1/armv7e-m/fpu/crtbegin.o
LOAD Libraries\DSP\BasicMathFunctions\arm_abs_f32.o
LOAD Libraries\DSP\BasicMathFunctions\arm_abs_q15.o
LOAD Libraries\DSP\BasicMathFunctions\arm_abs_q31.o
LOAD Libraries\DSP\BasicMathFunctions\arm_abs_q7.o
LOAD Libraries\DSP\BasicMathFunctions\arm_add_f32.o
LOAD Libraries\DSP\BasicMathFunctions\arm_add_q15.o
LOAD Libraries\DSP\BasicMathFunctions\arm_add_q31.o
LOAD Libraries\DSP\BasicMathFunctions\arm_add_q7.o
LOAD Libraries\DSP\BasicMathFunctions\arm_dot_prod_f32.o
LOAD Libraries\DSP\BasicMathFunctions\arm_dot_prod_q15.o
LOAD Libraries\DSP\BasicMathFunctions\arm_dot_prod_q31.o
LOAD Libraries\DSP\BasicMathFunctions\arm_dot_prod_q7.o
LOAD Libraries\DSP\BasicMathFunctions\arm_mult_f32.o
LOAD Libraries\DSP\BasicMathFunctions\arm_mult_q15.o
LOAD Libraries\DSP\BasicMathFunctions\arm_mult_q31.o
LOAD Libraries\DSP\BasicMathFunctions\arm_mult_q7.o
LOAD Libraries\DSP\BasicMathFunctions\arm_negate_f32.o
LOAD Libraries\DSP\BasicMathFunctions\arm_negate_q15.o
LOAD Libraries\DSP\BasicMathFunctions\arm_negate_q31.o
LOAD Libraries\DSP\BasicMathFunctions\arm_negate_q7.o
LOAD Libraries\DSP\BasicMathFunctions\arm_offset_f32.o
LOAD Libraries\DSP\BasicMathFunctions\arm_offset_q15.o
LOAD Libraries\DSP\BasicMathFunctions\arm_offset_q31.o
LOAD Libraries\DSP\BasicMathFunctions\arm_offset_q7.o
LOAD Libraries\DSP\BasicMathFunctions\arm_scale_f32.o
LOAD Libraries\DSP\BasicMathFunctions\arm_scale_q15.o
LOAD Libraries\DSP\BasicMathFunctions\arm_scale_q31.o
LOAD Libraries\DSP\BasicMathFunctions\arm_scale_q7.o
LOAD Libraries\DSP\BasicMathFunctions\arm_shift_q15.o
LOAD Libraries\DSP\BasicMathFunctions\arm_shift_q31.o
LOAD Libraries\DSP\BasicMathFunctions\arm_shift_q7.o
LOAD Libraries\DSP\BasicMathFunctions\arm_sub_f32.o
LOAD Libraries\DSP\BasicMathFunctions\arm_sub_q15.o
LOAD Libraries\DSP\BasicMathFunctions\arm_sub_q31.o
LOAD Libraries\DSP\BasicMathFunctions\arm_sub_q7.o
LOAD Libraries\DSP\CommonTables\arm_common_tables.o
LOAD Libraries\DSP\ComplexMathFunctions\arm_cmplx_conj_f32.o
LOAD Libraries\DSP\ComplexMathFunctions\arm_cmplx_conj_q15.o
LOAD Libraries\DSP\ComplexMathFunctions\arm_cmplx_conj_q31.o
LOAD Libraries\DSP\ComplexMathFunctions\arm_cmplx_dot_prod_f32.o
LOAD Libraries\DSP\ComplexMathFunctions\arm_cmplx_dot_prod_q15.o
LOAD Libraries\DSP\ComplexMathFunctions\arm_cmplx_dot_prod_q31.o
LOAD Libraries\DSP\ComplexMathFunctions\arm_cmplx_mag_f32.o
LOAD Libraries\DSP\ComplexMathFunctions\arm_cmplx_mag_q15.o
LOAD Libraries\DSP\ComplexMathFunctions\arm_cmplx_mag_q31.o
LOAD Libraries\DSP\ComplexMathFunctions\arm_cmplx_mag_squared_f32.o
LOAD Libraries\DSP\ComplexMathFunctions\arm_cmplx_mag_squared_q15.o
LOAD Libraries\DSP\ComplexMathFunctions\arm_cmplx_mag_squared_q31.o
LOAD Libraries\DSP\ComplexMathFunctions\arm_cmplx_mult_cmplx_f32.o
LOAD Libraries\DSP\ComplexMathFunctions\arm_cmplx_mult_cmplx_q15.o
LOAD Libraries\DSP\ComplexMathFunctions\arm_cmplx_mult_cmplx_q31.o
LOAD Libraries\DSP\ComplexMathFunctions\arm_cmplx_mult_real_f32.o
LOAD Libraries\DSP\ComplexMathFunctions\arm_cmplx_mult_real_q15.o
LOAD Libraries\DSP\ComplexMathFunctions\arm_cmplx_mult_real_q31.o
LOAD Libraries\DSP\ControllerFunctions\arm_pid_init_f32.o
LOAD Libraries\DSP\ControllerFunctions\arm_pid_init_q15.o
LOAD Libraries\DSP\ControllerFunctions\arm_pid_init_q31.o
LOAD Libraries\DSP\ControllerFunctions\arm_pid_reset_f32.o
LOAD Libraries\DSP\ControllerFunctions\arm_pid_reset_q15.o
LOAD Libraries\DSP\ControllerFunctions\arm_pid_reset_q31.o
LOAD Libraries\DSP\ControllerFunctions\arm_sin_cos_f32.o
LOAD Libraries\DSP\ControllerFunctions\arm_sin_cos_q31.o
LOAD Libraries\DSP\FastMathFunctions\arm_cos_f32.o
LOAD Libraries\DSP\FastMathFunctions\arm_cos_q15.o
LOAD Libraries\DSP\FastMathFunctions\arm_cos_q31.o
LOAD Libraries\DSP\FastMathFunctions\arm_sin_f32.o
LOAD Libraries\DSP\FastMathFunctions\arm_sin_q15.o
LOAD Libraries\DSP\FastMathFunctions\arm_sin_q31.o
LOAD Libraries\DSP\FastMathFunctions\arm_sqrt_q15.o
LOAD Libraries\DSP\FastMathFunctions\arm_sqrt_q31.o
LOAD Libraries\DSP\FilteringFunctions\arm_biquad_cascade_df1_32x64_init_q31.o
LOAD Libraries\DSP\FilteringFunctions\arm_biquad_cascade_df1_32x64_q31.o
LOAD Libraries\DSP\FilteringFunctions\arm_biquad_cascade_df1_f32.o
LOAD Libraries\DSP\FilteringFunctions\arm_biquad_cascade_df1_fast_q15.o
LOAD Libraries\DSP\FilteringFunctions\arm_biquad_cascade_df1_fast_q31.o
LOAD Libraries\DSP\FilteringFunctions\arm_biquad_cascade_df1_init_f32.o
LOAD Libraries\DSP\FilteringFunctions\arm_biquad_cascade_df1_init_q15.o
LOAD Libraries\DSP\FilteringFunctions\arm_biquad_cascade_df1_init_q31.o
LOAD Libraries\DSP\FilteringFunctions\arm_biquad_cascade_df1_q15.o
LOAD Libraries\DSP\FilteringFunctions\arm_biquad_cascade_df1_q31.o
LOAD Libraries\DSP\FilteringFunctions\arm_biquad_cascade_df2T_f32.o
LOAD Libraries\DSP\FilteringFunctions\arm_biquad_cascade_df2T_init_f32.o
LOAD Libraries\DSP\FilteringFunctions\arm_conv_f32.o
LOAD Libraries\DSP\FilteringFunctions\arm_conv_fast_q15.o
LOAD Libraries\DSP\FilteringFunctions\arm_conv_fast_q31.o
LOAD Libraries\DSP\FilteringFunctions\arm_conv_partial_f32.o
LOAD Libraries\DSP\FilteringFunctions\arm_conv_partial_fast_q15.o
LOAD Libraries\DSP\FilteringFunctions\arm_conv_partial_fast_q31.o
LOAD Libraries\DSP\FilteringFunctions\arm_conv_partial_q15.o
LOAD Libraries\DSP\FilteringFunctions\arm_conv_partial_q31.o
LOAD Libraries\DSP\FilteringFunctions\arm_conv_partial_q7.o
LOAD Libraries\DSP\FilteringFunctions\arm_conv_q15.o
LOAD Libraries\DSP\FilteringFunctions\arm_conv_q31.o
LOAD Libraries\DSP\FilteringFunctions\arm_conv_q7.o
LOAD Libraries\DSP\FilteringFunctions\arm_correlate_f32.o
LOAD Libraries\DSP\FilteringFunctions\arm_correlate_fast_q15.o
LOAD Libraries\DSP\FilteringFunctions\arm_correlate_fast_q31.o
LOAD Libraries\DSP\FilteringFunctions\arm_correlate_q15.o
LOAD Libraries\DSP\FilteringFunctions\arm_correlate_q31.o
LOAD Libraries\DSP\FilteringFunctions\arm_correlate_q7.o
LOAD Libraries\DSP\FilteringFunctions\arm_fir_decimate_f32.o
LOAD Libraries\DSP\FilteringFunctions\arm_fir_decimate_fast_q15.o
LOAD Libraries\DSP\FilteringFunctions\arm_fir_decimate_fast_q31.o
LOAD Libraries\DSP\FilteringFunctions\arm_fir_decimate_init_f32.o
LOAD Libraries\DSP\FilteringFunctions\arm_fir_decimate_init_q15.o
LOAD Libraries\DSP\FilteringFunctions\arm_fir_decimate_init_q31.o
LOAD Libraries\DSP\FilteringFunctions\arm_fir_decimate_q15.o
LOAD Libraries\DSP\FilteringFunctions\arm_fir_decimate_q31.o
LOAD Libraries\DSP\FilteringFunctions\arm_fir_f32.o
LOAD Libraries\DSP\FilteringFunctions\arm_fir_fast_q15.o
LOAD Libraries\DSP\FilteringFunctions\arm_fir_fast_q31.o
LOAD Libraries\DSP\FilteringFunctions\arm_fir_init_f32.o
LOAD Libraries\DSP\FilteringFunctions\arm_fir_init_q15.o
LOAD Libraries\DSP\FilteringFunctions\arm_fir_init_q31.o
LOAD Libraries\DSP\FilteringFunctions\arm_fir_init_q7.o
LOAD Libraries\DSP\FilteringFunctions\arm_fir_interpolate_f32.o
LOAD Libraries\DSP\FilteringFunctions\arm_fir_interpolate_init_f32.o
LOAD Libraries\DSP\FilteringFunctions\arm_fir_interpolate_init_q15.o
LOAD Libraries\DSP\FilteringFunctions\arm_fir_interpolate_init_q31.o
LOAD Libraries\DSP\FilteringFunctions\arm_fir_interpolate_q15.o
LOAD Libraries\DSP\FilteringFunctions\arm_fir_interpolate_q31.o
LOAD Libraries\DSP\FilteringFunctions\arm_fir_lattice_f32.o
LOAD Libraries\DSP\FilteringFunctions\arm_fir_lattice_init_f32.o
LOAD Libraries\DSP\FilteringFunctions\arm_fir_lattice_init_q15.o
LOAD Libraries\DSP\FilteringFunctions\arm_fir_lattice_init_q31.o
LOAD Libraries\DSP\FilteringFunctions\arm_fir_lattice_q15.o
LOAD Libraries\DSP\FilteringFunctions\arm_fir_lattice_q31.o
LOAD Libraries\DSP\FilteringFunctions\arm_fir_q15.o
LOAD Libraries\DSP\FilteringFunctions\arm_fir_q31.o
LOAD Libraries\DSP\FilteringFunctions\arm_fir_q7.o
LOAD Libraries\DSP\FilteringFunctions\arm_fir_sparse_f32.o
LOAD Libraries\DSP\FilteringFunctions\arm_fir_sparse_init_f32.o
LOAD Libraries\DSP\FilteringFunctions\arm_fir_sparse_init_q15.o
LOAD Libraries\DSP\FilteringFunctions\arm_fir_sparse_init_q31.o
LOAD Libraries\DSP\FilteringFunctions\arm_fir_sparse_init_q7.o
LOAD Libraries\DSP\FilteringFunctions\arm_fir_sparse_q15.o
LOAD Libraries\DSP\FilteringFunctions\arm_fir_sparse_q31.o
LOAD Libraries\DSP\FilteringFunctions\arm_fir_sparse_q7.o
LOAD Libraries\DSP\FilteringFunctions\arm_iir_lattice_f32.o
LOAD Libraries\DSP\FilteringFunctions\arm_iir_lattice_init_f32.o
LOAD Libraries\DSP\FilteringFunctions\arm_iir_lattice_init_q15.o
LOAD Libraries\DSP\FilteringFunctions\arm_iir_lattice_init_q31.o
LOAD Libraries\DSP\FilteringFunctions\arm_iir_lattice_q15.o
LOAD Libraries\DSP\FilteringFunctions\arm_iir_lattice_q31.o
LOAD Libraries\DSP\FilteringFunctions\arm_lms_f32.o
LOAD Libraries\DSP\FilteringFunctions\arm_lms_init_f32.o
LOAD Libraries\DSP\FilteringFunctions\arm_lms_init_q15.o
LOAD Libraries\DSP\FilteringFunctions\arm_lms_init_q31.o
LOAD Libraries\DSP\FilteringFunctions\arm_lms_norm_f32.o
LOAD Libraries\DSP\FilteringFunctions\arm_lms_norm_init_f32.o
LOAD Libraries\DSP\FilteringFunctions\arm_lms_norm_init_q15.o
LOAD Libraries\DSP\FilteringFunctions\arm_lms_norm_init_q31.o
LOAD Libraries\DSP\FilteringFunctions\arm_lms_norm_q15.o
LOAD Libraries\DSP\FilteringFunctions\arm_lms_norm_q31.o
LOAD Libraries\DSP\FilteringFunctions\arm_lms_q15.o
LOAD Libraries\DSP\FilteringFunctions\arm_lms_q31.o
LOAD Libraries\DSP\MatrixFunctions\arm_mat_add_f32.o
LOAD Libraries\DSP\MatrixFunctions\arm_mat_add_q15.o
LOAD Libraries\DSP\MatrixFunctions\arm_mat_add_q31.o
LOAD Libraries\DSP\MatrixFunctions\arm_mat_init_f32.o
LOAD Libraries\DSP\MatrixFunctions\arm_mat_init_q15.o
LOAD Libraries\DSP\MatrixFunctions\arm_mat_init_q31.o
LOAD Libraries\DSP\MatrixFunctions\arm_mat_inverse_f32.o
LOAD Libraries\DSP\MatrixFunctions\arm_mat_mult_f32.o
LOAD Libraries\DSP\MatrixFunctions\arm_mat_mult_fast_q15.o
LOAD Libraries\DSP\MatrixFunctions\arm_mat_mult_fast_q31.o
LOAD Libraries\DSP\MatrixFunctions\arm_mat_mult_q15.o
LOAD Libraries\DSP\MatrixFunctions\arm_mat_mult_q31.o
LOAD Libraries\DSP\MatrixFunctions\arm_mat_scale_f32.o
LOAD Libraries\DSP\MatrixFunctions\arm_mat_scale_q15.o
LOAD Libraries\DSP\MatrixFunctions\arm_mat_scale_q31.o
LOAD Libraries\DSP\MatrixFunctions\arm_mat_sub_f32.o
LOAD Libraries\DSP\MatrixFunctions\arm_mat_sub_q15.o
LOAD Libraries\DSP\MatrixFunctions\arm_mat_sub_q31.o
LOAD Libraries\DSP\MatrixFunctions\arm_mat_trans_f32.o
LOAD Libraries\DSP\MatrixFunctions\arm_mat_trans_q15.o
LOAD Libraries\DSP\MatrixFunctions\arm_mat_trans_q31.o
LOAD Libraries\DSP\StatisticsFunctions\arm_max_f32.o
LOAD Libraries\DSP\StatisticsFunctions\arm_max_q15.o
LOAD Libraries\DSP\StatisticsFunctions\arm_max_q31.o
LOAD Libraries\DSP\StatisticsFunctions\arm_max_q7.o
LOAD Libraries\DSP\StatisticsFunctions\arm_mean_f32.o
LOAD Libraries\DSP\StatisticsFunctions\arm_mean_q15.o
LOAD Libraries\DSP\StatisticsFunctions\arm_mean_q31.o
LOAD Libraries\DSP\StatisticsFunctions\arm_mean_q7.o
LOAD Libraries\DSP\StatisticsFunctions\arm_min_f32.o
LOAD Libraries\DSP\StatisticsFunctions\arm_min_q15.o
LOAD Libraries\DSP\StatisticsFunctions\arm_min_q31.o
LOAD Libraries\DSP\StatisticsFunctions\arm_min_q7.o
LOAD Libraries\DSP\StatisticsFunctions\arm_power_f32.o
LOAD Libraries\DSP\StatisticsFunctions\arm_power_q15.o
LOAD Libraries\DSP\StatisticsFunctions\arm_power_q31.o
LOAD Libraries\DSP\StatisticsFunctions\arm_power_q7.o
LOAD Libraries\DSP\StatisticsFunctions\arm_rms_f32.o
LOAD Libraries\DSP\StatisticsFunctions\arm_rms_q15.o
LOAD Libraries\DSP\StatisticsFunctions\arm_rms_q31.o
LOAD Libraries\DSP\StatisticsFunctions\arm_std_f32.o
LOAD Libraries\DSP\StatisticsFunctions\arm_std_q15.o
LOAD Libraries\DSP\StatisticsFunctions\arm_std_q31.o
LOAD Libraries\DSP\StatisticsFunctions\arm_var_f32.o
LOAD Libraries\DSP\StatisticsFunctions\arm_var_q15.o
LOAD Libraries\DSP\StatisticsFunctions\arm_var_q31.o
LOAD Libraries\DSP\SupportFunctions\arm_copy_f32.o
LOAD Libraries\DSP\SupportFunctions\arm_copy_q15.o
LOAD Libraries\DSP\SupportFunctions\arm_copy_q31.o
LOAD Libraries\DSP\SupportFunctions\arm_copy_q7.o
LOAD Libraries\DSP\SupportFunctions\arm_fill_f32.o
LOAD Libraries\DSP\SupportFunctions\arm_fill_q15.o
LOAD Libraries\DSP\SupportFunctions\arm_fill_q31.o
LOAD Libraries\DSP\SupportFunctions\arm_fill_q7.o
LOAD Libraries\DSP\SupportFunctions\arm_float_to_q15.o
LOAD Libraries\DSP\SupportFunctions\arm_float_to_q31.o
LOAD Libraries\DSP\SupportFunctions\arm_float_to_q7.o
LOAD Libraries\DSP\SupportFunctions\arm_q15_to_float.o
LOAD Libraries\DSP\SupportFunctions\arm_q15_to_q31.o
LOAD Libraries\DSP\SupportFunctions\arm_q15_to_q7.o
LOAD Libraries\DSP\SupportFunctions\arm_q31_to_float.o
LOAD Libraries\DSP\SupportFunctions\arm_q31_to_q15.o
LOAD Libraries\DSP\SupportFunctions\arm_q31_to_q7.o
LOAD Libraries\DSP\SupportFunctions\arm_q7_to_float.o
LOAD Libraries\DSP\SupportFunctions\arm_q7_to_q15.o
LOAD Libraries\DSP\SupportFunctions\arm_q7_to_q31.o
LOAD Libraries\DSP\TransformFunctions\arm_cfft_radix4_f32.o
LOAD Libraries\DSP\TransformFunctions\arm_cfft_radix4_init_f32.o
LOAD Libraries\DSP\TransformFunctions\arm_cfft_radix4_init_q15.o
LOAD Libraries\DSP\TransformFunctions\arm_cfft_radix4_init_q31.o
LOAD Libraries\DSP\TransformFunctions\arm_cfft_radix4_q15.o
LOAD Libraries\DSP\TransformFunctions\arm_cfft_radix4_q31.o
LOAD Libraries\DSP\TransformFunctions\arm_dct4_f32.o
LOAD Libraries\DSP\TransformFunctions\arm_dct4_init_f32.o
LOAD Libraries\DSP\TransformFunctions\arm_dct4_init_q15.o
LOAD Libraries\DSP\TransformFunctions\arm_dct4_init_q31.o
LOAD Libraries\DSP\TransformFunctions\arm_dct4_q15.o
LOAD Libraries\DSP\TransformFunctions\arm_dct4_q31.o
LOAD Libraries\DSP\TransformFunctions\arm_rfft_f32.o
LOAD Libraries\DSP\TransformFunctions\arm_rfft_init_f32.o
LOAD Libraries\DSP\TransformFunctions\arm_rfft_init_q15.o
LOAD Libraries\DSP\TransformFunctions\arm_rfft_init_q31.o
LOAD Libraries\DSP\TransformFunctions\arm_rfft_q15.o
LOAD Libraries\DSP\TransformFunctions\arm_rfft_q31.o
LOAD Libraries\STM32F4xx_StdPeriph_Driver\src\misc.o
LOAD Libraries\STM32F4xx_StdPeriph_Driver\src\stm32f4xx_adc.o
LOAD Libraries\STM32F4xx_StdPeriph_Driver\src\stm32f4xx_can.o
LOAD Libraries\STM32F4xx_StdPeriph_Driver\src\stm32f4xx_crc.o
LOAD Libraries\STM32F4xx_StdPeriph_Driver\src\stm32f4xx_cryp.o
LOAD Libraries\STM32F4xx_StdPeriph_Driver\src\stm32f4xx_cryp_aes.o
LOAD Libraries\STM32F4xx_StdPeriph_Driver\src\stm32f4xx_cryp_des.o
LOAD Libraries\STM32F4xx_StdPeriph_Driver\src\stm32f4xx_cryp_tdes.o
LOAD Libraries\STM32F4xx_StdPeriph_Driver\src\stm32f4xx_dac.o
LOAD Libraries\STM32F4xx_StdPeriph_Driver\src\stm32f4xx_dbgmcu.o
LOAD Libraries\STM32F4xx_StdPeriph_Driver\src\stm32f4xx_dcmi.o
LOAD Libraries\STM32F4xx_StdPeriph_Driver\src\stm32f4xx_dma.o
LOAD Libraries\STM32F4xx_StdPeriph_Driver\src\stm32f4xx_dma2d.o
LOAD Libraries\STM32F4xx_StdPeriph_Driver\src\stm32f4xx_exti.o
LOAD Libraries\STM32F4xx_StdPeriph_Driver\src\stm32f4xx_flash.o
LOAD Libraries\STM32F4xx_StdPeriph_Driver\src\stm32f4xx_fmc.o
LOAD Libraries\STM32F4xx_StdPeriph_Driver\src\stm32f4xx_gpio.o
LOAD Libraries\STM32F4xx_StdPeriph_Driver\src\stm32f4xx_hash.o
LOAD Libraries\STM32F4xx_StdPeriph_Driver\src\stm32f4xx_hash_md5.o
LOAD Libraries\STM32F4xx_StdPeriph_Driver\src\stm32f4xx_hash_sha1.o
LOAD Libraries\STM32F4xx_StdPeriph_Driver\src\stm32f4xx_i2c.o
LOAD Libraries\STM32F4xx_StdPeriph_Driver\src\stm32f4xx_iwdg.o
LOAD Libraries\STM32F4xx_StdPeriph_Driver\src\stm32f4xx_ltdc.o
LOAD Libraries\STM32F4xx_StdPeriph_Driver\src\stm32f4xx_pwr.o
LOAD Libraries\STM32F4xx_StdPeriph_Driver\src\stm32f4xx_rcc.o
LOAD Libraries\STM32F4xx_StdPeriph_Driver\src\stm32f4xx_rng.o
LOAD Libraries\STM32F4xx_StdPeriph_Driver\src\stm32f4xx_rtc.o
LOAD Libraries\STM32F4xx_StdPeriph_Driver\src\stm32f4xx_sai.o
LOAD Libraries\STM32F4xx_StdPeriph_Driver\src\stm32f4xx_sdio.o
LOAD Libraries\STM32F4xx_StdPeriph_Driver\src\stm32f4xx_spi.o
LOAD Libraries\STM32F4xx_StdPeriph_Driver\src\stm32f4xx_syscfg.o
LOAD Libraries\STM32F4xx_StdPeriph_Driver\src\stm32f4xx_tim.o
LOAD Libraries\STM32F4xx_StdPeriph_Driver\src\stm32f4xx_usart.o
LOAD Libraries\STM32F4xx_StdPeriph_Driver\src\stm32f4xx_wwdg.o
LOAD Utilities\Common\fonts.o
LOAD Utilities\Common\lcd_log.o
LOAD Utilities\STM32F429I-Discovery\stm32f429i_discovery.o
LOAD Utilities\STM32F429I-Discovery\stm32f429i_discovery_i2c_ee.o
LOAD Utilities\STM32F429I-Discovery\stm32f429i_discovery_ioe.o
LOAD Utilities\STM32F429I-Discovery\stm32f429i_discovery_l3gd20.o
LOAD Utilities\STM32F429I-Discovery\stm32f429i_discovery_lcd.o
LOAD Utilities\STM32F429I-Discovery\stm32f429i_discovery_sdram.o
LOAD src\main.o
LOAD src\startup_stm32f429x.o
LOAD src\stm32_ub_uart.o
LOAD src\stm32f4xx_it.o
LOAD src\system_stm32f4xx.o
LOAD src\tiny_printf.o
                0x00000080                malloc_getpagesize_P = 0x80
START GROUP
LOAD c:/program files (x86)/atollic/truestudio for arm 8.0.0/armtools/bin/../lib/gcc/arm-atollic-eabi/6.3.1/../../../../arm-atollic-eabi/lib/armv7e-m/fpu\libc_nano.a
LOAD c:/program files (x86)/atollic/truestudio for arm 8.0.0/armtools/bin/../lib/gcc/arm-atollic-eabi/6.3.1/../../../../arm-atollic-eabi/lib/armv7e-m/fpu\libm.a
END GROUP
START GROUP
LOAD c:/program files (x86)/atollic/truestudio for arm 8.0.0/armtools/bin/../lib/gcc/arm-atollic-eabi/6.3.1/armv7e-m/fpu\libgcc.a
LOAD c:/program files (x86)/atollic/truestudio for arm 8.0.0/armtools/bin/../lib/gcc/arm-atollic-eabi/6.3.1/../../../../arm-atollic-eabi/lib/armv7e-m/fpu\libc_nano.a
END GROUP
START GROUP
LOAD c:/program files (x86)/atollic/truestudio for arm 8.0.0/armtools/bin/../lib/gcc/arm-atollic-eabi/6.3.1/armv7e-m/fpu\libgcc.a
LOAD c:/program files (x86)/atollic/truestudio for arm 8.0.0/armtools/bin/../lib/gcc/arm-atollic-eabi/6.3.1/../../../../arm-atollic-eabi/lib/armv7e-m/fpu\libc_nano.a
LOAD c:/program files (x86)/atollic/truestudio for arm 8.0.0/armtools/bin/../lib/gcc/arm-atollic-eabi/6.3.1/../../../../arm-atollic-eabi/lib/armv7e-m/fpu\libnosys.a
END GROUP
START GROUP
LOAD c:/program files (x86)/atollic/truestudio for arm 8.0.0/armtools/bin/../lib/gcc/arm-atollic-eabi/6.3.1/armv7e-m/fpu\libgcc.a
LOAD c:/program files (x86)/atollic/truestudio for arm 8.0.0/armtools/bin/../lib/gcc/arm-atollic-eabi/6.3.1/../../../../arm-atollic-eabi/lib/armv7e-m/fpu\libc_nano.a
LOAD c:/program files (x86)/atollic/truestudio for arm 8.0.0/armtools/bin/../lib/gcc/arm-atollic-eabi/6.3.1/../../../../arm-atollic-eabi/lib/armv7e-m/fpu\libnosys.a
END GROUP
LOAD c:/program files (x86)/atollic/truestudio for arm 8.0.0/armtools/bin/../lib/gcc/arm-atollic-eabi/6.3.1/armv7e-m/fpu/crtend.o
LOAD c:/program files (x86)/atollic/truestudio for arm 8.0.0/armtools/bin/../lib/gcc/arm-atollic-eabi/6.3.1/armv7e-m/fpu/crtn.o
                0x20030000                _estack = 0x20030000
                0x00000000                _Min_Heap_Size = 0x0
                0x00000400                _Min_Stack_Size = 0x400

.isr_vector     0x08000000      0x1ac
                0x08000000                . = ALIGN (0x4)
 *(.isr_vector)
 .isr_vector    0x08000000      0x1ac src\startup_stm32f429x.o
                0x08000000                g_pfnVectors
                0x080001ac                . = ALIGN (0x4)

.text           0x080001ac     0x6418
                0x080001ac                . = ALIGN (0x4)
 *(.text)
 .text          0x080001ac       0x40 c:/program files (x86)/atollic/truestudio for arm 8.0.0/armtools/bin/../lib/gcc/arm-atollic-eabi/6.3.1/armv7e-m/fpu/crtbegin.o
 .text          0x080001ec      0x370 c:/program files (x86)/atollic/truestudio for arm 8.0.0/armtools/bin/../lib/gcc/arm-atollic-eabi/6.3.1/armv7e-m/fpu\libgcc.a(_arm_addsubdf3.o)
                0x080001ec                __aeabi_drsub
                0x080001f4                __aeabi_dsub
                0x080001f4                __subdf3
                0x080001f8                __aeabi_dadd
                0x080001f8                __adddf3
                0x08000470                __floatunsidf
                0x08000470                __aeabi_ui2d
                0x08000490                __floatsidf
                0x08000490                __aeabi_i2d
                0x080004b4                __aeabi_f2d
                0x080004b4                __extendsfdf2
                0x080004f0                __floatundidf
                0x080004f0                __aeabi_ul2d
                0x08000500                __floatdidf
                0x08000500                __aeabi_l2d
 .text          0x0800055c      0x424 c:/program files (x86)/atollic/truestudio for arm 8.0.0/armtools/bin/../lib/gcc/arm-atollic-eabi/6.3.1/armv7e-m/fpu\libgcc.a(_arm_muldivdf3.o)
                0x0800055c                __aeabi_dmul
                0x0800055c                __muldf3
                0x080007b0                __divdf3
                0x080007b0                __aeabi_ddiv
 .text          0x08000980       0xa0 c:/program files (x86)/atollic/truestudio for arm 8.0.0/armtools/bin/../lib/gcc/arm-atollic-eabi/6.3.1/armv7e-m/fpu\libgcc.a(_arm_truncdfsf2.o)
                0x08000980                __truncdfsf2
                0x08000980                __aeabi_d2f
 *(.text*)
 .text.arm_sqrt_f32
                0x08000a20       0x44 Libraries\DSP\ComplexMathFunctions\arm_cmplx_mag_f32.o
 .text.arm_cmplx_mag_f32
                0x08000a64      0x180 Libraries\DSP\ComplexMathFunctions\arm_cmplx_mag_f32.o
                0x08000a64                arm_cmplx_mag_f32
 .text.arm_max_f32
                0x08000be4       0x6e Libraries\DSP\StatisticsFunctions\arm_max_f32.o
                0x08000be4                arm_max_f32
 .text.arm_radix4_butterfly_f32
                0x08000c52      0x90a Libraries\DSP\TransformFunctions\arm_cfft_radix4_f32.o
                0x08000c52                arm_radix4_butterfly_f32
 .text.arm_radix4_butterfly_inverse_f32
                0x0800155c      0x966 Libraries\DSP\TransformFunctions\arm_cfft_radix4_f32.o
                0x0800155c                arm_radix4_butterfly_inverse_f32
 .text.arm_bitreversal_f32
                0x08001ec2      0x1ba Libraries\DSP\TransformFunctions\arm_cfft_radix4_f32.o
                0x08001ec2                arm_bitreversal_f32
 .text.arm_cfft_radix4_init_f32
                0x0800207c       0xf0 Libraries\DSP\TransformFunctions\arm_cfft_radix4_init_f32.o
                0x0800207c                arm_cfft_radix4_init_f32
 .text.arm_rfft_f32
                0x0800216c       0xe6 Libraries\DSP\TransformFunctions\arm_rfft_f32.o
                0x0800216c                arm_rfft_f32
 .text.arm_split_rfft_f32
                0x08002252      0x1f2 Libraries\DSP\TransformFunctions\arm_rfft_f32.o
                0x08002252                arm_split_rfft_f32
 .text.arm_split_rifft_f32
                0x08002444      0x146 Libraries\DSP\TransformFunctions\arm_rfft_f32.o
                0x08002444                arm_split_rifft_f32
 *fill*         0x0800258a        0x2 
 .text.arm_rfft_init_f32
                0x0800258c       0xbc Libraries\DSP\TransformFunctions\arm_rfft_init_f32.o
                0x0800258c                arm_rfft_init_f32
 .text.NVIC_Init
                0x08002648       0xc4 Libraries\STM32F4xx_StdPeriph_Driver\src\misc.o
                0x08002648                NVIC_Init
 .text.ADC_Init
                0x0800270c       0xac Libraries\STM32F4xx_StdPeriph_Driver\src\stm32f4xx_adc.o
                0x0800270c                ADC_Init
 .text.ADC_Cmd  0x080027b8       0x38 Libraries\STM32F4xx_StdPeriph_Driver\src\stm32f4xx_adc.o
                0x080027b8                ADC_Cmd
 .text.ADC_RegularChannelConfig
                0x080027f0      0x194 Libraries\STM32F4xx_StdPeriph_Driver\src\stm32f4xx_adc.o
                0x080027f0                ADC_RegularChannelConfig
 .text.ADC_SoftwareStartConv
                0x08002984       0x20 Libraries\STM32F4xx_StdPeriph_Driver\src\stm32f4xx_adc.o
                0x08002984                ADC_SoftwareStartConv
 .text.ADC_GetConversionValue
                0x080029a4       0x1a Libraries\STM32F4xx_StdPeriph_Driver\src\stm32f4xx_adc.o
                0x080029a4                ADC_GetConversionValue
 .text.ADC_GetFlagStatus
                0x080029be       0x34 Libraries\STM32F4xx_StdPeriph_Driver\src\stm32f4xx_adc.o
                0x080029be                ADC_GetFlagStatus
 .text.DMA_Cmd  0x080029f2       0x38 Libraries\STM32F4xx_StdPeriph_Driver\src\stm32f4xx_dma.o
                0x080029f2                DMA_Cmd
 *fill*         0x08002a2a        0x2 
 .text.DMA_GetFlagStatus
                0x08002a2c       0x78 Libraries\STM32F4xx_StdPeriph_Driver\src\stm32f4xx_dma.o
                0x08002a2c                DMA_GetFlagStatus
 .text.DMA_ClearFlag
                0x08002aa4       0x5c Libraries\STM32F4xx_StdPeriph_Driver\src\stm32f4xx_dma.o
                0x08002aa4                DMA_ClearFlag
 .text.DMA2D_DeInit
                0x08002b00       0x1c Libraries\STM32F4xx_StdPeriph_Driver\src\stm32f4xx_dma2d.o
                0x08002b00                DMA2D_DeInit
 .text.DMA2D_Init
                0x08002b1c      0x160 Libraries\STM32F4xx_StdPeriph_Driver\src\stm32f4xx_dma2d.o
                0x08002b1c                DMA2D_Init
 .text.DMA2D_StartTransfer
                0x08002c7c       0x20 Libraries\STM32F4xx_StdPeriph_Driver\src\stm32f4xx_dma2d.o
                0x08002c7c                DMA2D_StartTransfer
 .text.DMA2D_GetFlagStatus
                0x08002c9c       0x34 Libraries\STM32F4xx_StdPeriph_Driver\src\stm32f4xx_dma2d.o
                0x08002c9c                DMA2D_GetFlagStatus
 .text.FMC_SDRAMInit
                0x08002cd0      0x15c Libraries\STM32F4xx_StdPeriph_Driver\src\stm32f4xx_fmc.o
                0x08002cd0                FMC_SDRAMInit
 .text.FMC_SDRAMCmdConfig
                0x08002e2c       0x40 Libraries\STM32F4xx_StdPeriph_Driver\src\stm32f4xx_fmc.o
                0x08002e2c                FMC_SDRAMCmdConfig
 .text.FMC_SetRefreshCount
                0x08002e6c       0x28 Libraries\STM32F4xx_StdPeriph_Driver\src\stm32f4xx_fmc.o
                0x08002e6c                FMC_SetRefreshCount
 .text.FMC_GetFlagStatus
                0x08002e94       0x7c Libraries\STM32F4xx_StdPeriph_Driver\src\stm32f4xx_fmc.o
                0x08002e94                FMC_GetFlagStatus
 .text.GPIO_Init
                0x08002f10      0x11c Libraries\STM32F4xx_StdPeriph_Driver\src\stm32f4xx_gpio.o
                0x08002f10                GPIO_Init
 .text.GPIO_SetBits
                0x0800302c       0x1e Libraries\STM32F4xx_StdPeriph_Driver\src\stm32f4xx_gpio.o
                0x0800302c                GPIO_SetBits
 .text.GPIO_ResetBits
                0x0800304a       0x1e Libraries\STM32F4xx_StdPeriph_Driver\src\stm32f4xx_gpio.o
                0x0800304a                GPIO_ResetBits
 .text.GPIO_WriteBit
                0x08003068       0x30 Libraries\STM32F4xx_StdPeriph_Driver\src\stm32f4xx_gpio.o
                0x08003068                GPIO_WriteBit
 .text.GPIO_PinAFConfig
                0x08003098       0x92 Libraries\STM32F4xx_StdPeriph_Driver\src\stm32f4xx_gpio.o
                0x08003098                GPIO_PinAFConfig
 .text.I2C_GenerateSTOP
                0x0800312a       0x40 Libraries\STM32F4xx_StdPeriph_Driver\src\stm32f4xx_i2c.o
                0x0800312a                I2C_GenerateSTOP
 *fill*         0x0800316a        0x2 
 .text.LTDC_Init
                0x0800316c      0x130 Libraries\STM32F4xx_StdPeriph_Driver\src\stm32f4xx_ltdc.o
                0x0800316c                LTDC_Init
 .text.LTDC_Cmd
                0x0800329c       0x3c Libraries\STM32F4xx_StdPeriph_Driver\src\stm32f4xx_ltdc.o
                0x0800329c                LTDC_Cmd
 .text.LTDC_DitherCmd
                0x080032d8       0x3c Libraries\STM32F4xx_StdPeriph_Driver\src\stm32f4xx_ltdc.o
                0x080032d8                LTDC_DitherCmd
 .text.LTDC_ReloadConfig
                0x08003314       0x20 Libraries\STM32F4xx_StdPeriph_Driver\src\stm32f4xx_ltdc.o
                0x08003314                LTDC_ReloadConfig
 .text.LTDC_LayerInit
                0x08003334      0x134 Libraries\STM32F4xx_StdPeriph_Driver\src\stm32f4xx_ltdc.o
                0x08003334                LTDC_LayerInit
 .text.LTDC_LayerCmd
                0x08003468       0x38 Libraries\STM32F4xx_StdPeriph_Driver\src\stm32f4xx_ltdc.o
                0x08003468                LTDC_LayerCmd
 .text.RCC_HSEConfig
                0x080034a0       0x28 Libraries\STM32F4xx_StdPeriph_Driver\src\stm32f4xx_rcc.o
                0x080034a0                RCC_HSEConfig
 .text.RCC_PLLSAIConfig
                0x080034c8       0x34 Libraries\STM32F4xx_StdPeriph_Driver\src\stm32f4xx_rcc.o
                0x080034c8                RCC_PLLSAIConfig
 .text.RCC_PLLSAICmd
                0x080034fc       0x20 Libraries\STM32F4xx_StdPeriph_Driver\src\stm32f4xx_rcc.o
                0x080034fc                RCC_PLLSAICmd
 .text.RCC_GetClocksFreq
                0x0800351c      0x150 Libraries\STM32F4xx_StdPeriph_Driver\src\stm32f4xx_rcc.o
                0x0800351c                RCC_GetClocksFreq
 .text.RCC_LTDCCLKDivConfig
                0x0800366c       0x3c Libraries\STM32F4xx_StdPeriph_Driver\src\stm32f4xx_rcc.o
                0x0800366c                RCC_LTDCCLKDivConfig
 .text.RCC_AHB1PeriphClockCmd
                0x080036a8       0x40 Libraries\STM32F4xx_StdPeriph_Driver\src\stm32f4xx_rcc.o
                0x080036a8                RCC_AHB1PeriphClockCmd
 .text.RCC_AHB3PeriphClockCmd
                0x080036e8       0x40 Libraries\STM32F4xx_StdPeriph_Driver\src\stm32f4xx_rcc.o
                0x080036e8                RCC_AHB3PeriphClockCmd
 .text.RCC_APB1PeriphClockCmd
                0x08003728       0x40 Libraries\STM32F4xx_StdPeriph_Driver\src\stm32f4xx_rcc.o
                0x08003728                RCC_APB1PeriphClockCmd
 .text.RCC_APB2PeriphClockCmd
                0x08003768       0x40 Libraries\STM32F4xx_StdPeriph_Driver\src\stm32f4xx_rcc.o
                0x08003768                RCC_APB2PeriphClockCmd
 .text.RCC_AHB1PeriphResetCmd
                0x080037a8       0x40 Libraries\STM32F4xx_StdPeriph_Driver\src\stm32f4xx_rcc.o
                0x080037a8                RCC_AHB1PeriphResetCmd
 .text.RCC_APB1PeriphResetCmd
                0x080037e8       0x40 Libraries\STM32F4xx_StdPeriph_Driver\src\stm32f4xx_rcc.o
                0x080037e8                RCC_APB1PeriphResetCmd
 .text.RCC_APB2PeriphResetCmd
                0x08003828       0x40 Libraries\STM32F4xx_StdPeriph_Driver\src\stm32f4xx_rcc.o
                0x08003828                RCC_APB2PeriphResetCmd
 .text.RCC_GetFlagStatus
                0x08003868       0x74 Libraries\STM32F4xx_StdPeriph_Driver\src\stm32f4xx_rcc.o
                0x08003868                RCC_GetFlagStatus
 .text.SPI_I2S_DeInit
                0x080038dc       0xdc Libraries\STM32F4xx_StdPeriph_Driver\src\stm32f4xx_spi.o
                0x080038dc                SPI_I2S_DeInit
 .text.SPI_Init
                0x080039b8       0x88 Libraries\STM32F4xx_StdPeriph_Driver\src\stm32f4xx_spi.o
                0x080039b8                SPI_Init
 .text.SPI_Cmd  0x08003a40       0x40 Libraries\STM32F4xx_StdPeriph_Driver\src\stm32f4xx_spi.o
                0x08003a40                SPI_Cmd
 .text.SPI_I2S_SendData
                0x08003a80       0x1e Libraries\STM32F4xx_StdPeriph_Driver\src\stm32f4xx_spi.o
                0x08003a80                SPI_I2S_SendData
 .text.SPI_I2S_GetFlagStatus
                0x08003a9e       0x38 Libraries\STM32F4xx_StdPeriph_Driver\src\stm32f4xx_spi.o
                0x08003a9e                SPI_I2S_GetFlagStatus
 *fill*         0x08003ad6        0x2 
 .text.USART_Init
                0x08003ad8      0x174 Libraries\STM32F4xx_StdPeriph_Driver\src\stm32f4xx_usart.o
                0x08003ad8                USART_Init
 .text.USART_Cmd
                0x08003c4c       0x40 Libraries\STM32F4xx_StdPeriph_Driver\src\stm32f4xx_usart.o
                0x08003c4c                USART_Cmd
 .text.USART_OverSampling8Cmd
                0x08003c8c       0x44 Libraries\STM32F4xx_StdPeriph_Driver\src\stm32f4xx_usart.o
                0x08003c8c                USART_OverSampling8Cmd
 .text.USART_SendData
                0x08003cd0       0x24 Libraries\STM32F4xx_StdPeriph_Driver\src\stm32f4xx_usart.o
                0x08003cd0                USART_SendData
 .text.USART_ReceiveData
                0x08003cf4       0x20 Libraries\STM32F4xx_StdPeriph_Driver\src\stm32f4xx_usart.o
                0x08003cf4                USART_ReceiveData
 .text.USART_ITConfig
                0x08003d14       0x90 Libraries\STM32F4xx_StdPeriph_Driver\src\stm32f4xx_usart.o
                0x08003d14                USART_ITConfig
 .text.USART_GetFlagStatus
                0x08003da4       0x38 Libraries\STM32F4xx_StdPeriph_Driver\src\stm32f4xx_usart.o
                0x08003da4                USART_GetFlagStatus
 .text.USART_GetITStatus
                0x08003ddc       0xb6 Libraries\STM32F4xx_StdPeriph_Driver\src\stm32f4xx_usart.o
                0x08003ddc                USART_GetITStatus
 *fill*         0x08003e92        0x2 
 .text.DMA1_Stream4_IRQHandler
                0x08003e94       0x54 Utilities\STM32F429I-Discovery\stm32f429i_discovery_i2c_ee.o
                0x08003e94                DMA1_Stream4_IRQHandler
 .text.DMA1_Stream2_IRQHandler
                0x08003ee8       0x48 Utilities\STM32F429I-Discovery\stm32f429i_discovery_i2c_ee.o
                0x08003ee8                DMA1_Stream2_IRQHandler
 .text.LCD_Init
                0x08003f30       0xe4 Utilities\STM32F429I-Discovery\stm32f429i_discovery_lcd.o
                0x08003f30                LCD_Init
 .text.LCD_LayerInit
                0x08004014       0xb8 Utilities\STM32F429I-Discovery\stm32f429i_discovery_lcd.o
                0x08004014                LCD_LayerInit
 .text.LCD_ChipSelect
                0x080040cc       0x34 Utilities\STM32F429I-Discovery\stm32f429i_discovery_lcd.o
                0x080040cc                LCD_ChipSelect
 .text.LCD_SetLayer
                0x08004100       0x44 Utilities\STM32F429I-Discovery\stm32f429i_discovery_lcd.o
                0x08004100                LCD_SetLayer
 .text.LCD_SetTextColor
                0x08004144       0x24 Utilities\STM32F429I-Discovery\stm32f429i_discovery_lcd.o
                0x08004144                LCD_SetTextColor
 .text.LCD_SetFont
                0x08004168       0x20 Utilities\STM32F429I-Discovery\stm32f429i_discovery_lcd.o
                0x08004168                LCD_SetFont
 .text.LCD_GetFont
                0x08004188       0x18 Utilities\STM32F429I-Discovery\stm32f429i_discovery_lcd.o
                0x08004188                LCD_GetFont
 .text.LCD_Clear
                0x080041a0       0x44 Utilities\STM32F429I-Discovery\stm32f429i_discovery_lcd.o
                0x080041a0                LCD_Clear
 .text.LCD_DrawChar
                0x080041e4      0x128 Utilities\STM32F429I-Discovery\stm32f429i_discovery_lcd.o
                0x080041e4                LCD_DrawChar
 .text.LCD_DisplayChar
                0x0800430c       0x44 Utilities\STM32F429I-Discovery\stm32f429i_discovery_lcd.o
                0x0800430c                LCD_DisplayChar
 .text.LCD_DisplayStringLine
                0x08004350       0x78 Utilities\STM32F429I-Discovery\stm32f429i_discovery_lcd.o
                0x08004350                LCD_DisplayStringLine
 .text.LCD_DrawLine
                0x080043c8       0xd8 Utilities\STM32F429I-Discovery\stm32f429i_discovery_lcd.o
                0x080043c8                LCD_DrawLine
 .text.LCD_DrawUniLine
                0x080044a0      0x17e Utilities\STM32F429I-Discovery\stm32f429i_discovery_lcd.o
                0x080044a0                LCD_DrawUniLine
 *fill*         0x0800461e        0x2 
 .text.LCD_WriteCommand
                0x08004620       0x54 Utilities\STM32F429I-Discovery\stm32f429i_discovery_lcd.o
                0x08004620                LCD_WriteCommand
 .text.LCD_WriteData
                0x08004674       0x54 Utilities\STM32F429I-Discovery\stm32f429i_discovery_lcd.o
                0x08004674                LCD_WriteData
 .text.LCD_PowerOn
                0x080046c8      0x290 Utilities\STM32F429I-Discovery\stm32f429i_discovery_lcd.o
                0x080046c8                LCD_PowerOn
 .text.LCD_CtrlLinesConfig
                0x08004958       0x48 Utilities\STM32F429I-Discovery\stm32f429i_discovery_lcd.o
                0x08004958                LCD_CtrlLinesConfig
 .text.LCD_CtrlLinesWrite
                0x080049a0       0x24 Utilities\STM32F429I-Discovery\stm32f429i_discovery_lcd.o
                0x080049a0                LCD_CtrlLinesWrite
 .text.LCD_SPIConfig
                0x080049c4       0xc8 Utilities\STM32F429I-Discovery\stm32f429i_discovery_lcd.o
                0x080049c4                LCD_SPIConfig
 .text.LCD_AF_GPIOConfig
                0x08004a8c      0x178 Utilities\STM32F429I-Discovery\stm32f429i_discovery_lcd.o
 .text.PutPixel
                0x08004c04       0x48 Utilities\STM32F429I-Discovery\stm32f429i_discovery_lcd.o
 .text.delay    0x08004c4c       0x2a Utilities\STM32F429I-Discovery\stm32f429i_discovery_lcd.o
 .text.SDRAM_Init
                0x08004c76       0x76 Utilities\STM32F429I-Discovery\stm32f429i_discovery_sdram.o
                0x08004c76                SDRAM_Init
 .text.SDRAM_GPIOConfig
                0x08004cec      0x218 Utilities\STM32F429I-Discovery\stm32f429i_discovery_sdram.o
                0x08004cec                SDRAM_GPIOConfig
 .text.SDRAM_InitSequence
                0x08004f04       0xee Utilities\STM32F429I-Discovery\stm32f429i_discovery_sdram.o
                0x08004f04                SDRAM_InitSequence
 *fill*         0x08004ff2        0x2 
 .text.delay    0x08004ff4       0x34 Utilities\STM32F429I-Discovery\stm32f429i_discovery_sdram.o
 .text.NVIC_SetPriority
                0x08005028       0x54 src\main.o
 .text.SysTick_Config
                0x0800507c       0x44 src\main.o
 .text.CheckOutCLK
                0x080050c0       0x40 src\main.o
                0x080050c0                CheckOutCLK
 .text.KonfiguracjaADC
                0x08005100       0xe4 src\main.o
                0x08005100                KonfiguracjaADC
 .text.Display_Init
                0x080051e4       0x84 src\main.o
                0x080051e4                Display_Init
 .text.DrawFFT  0x08005268      0x1e0 src\main.o
                0x08005268                DrawFFT
 .text.FFT_Calculate
                0x08005448       0xfc src\main.o
                0x08005448                FFT_Calculate
 .text.KonwersjaADC
                0x08005544       0x2e src\main.o
                0x08005544                KonwersjaADC
 *fill*         0x08005572        0x2 
 .text.ReadAdc  0x08005574       0x34 src\main.o
                0x08005574                ReadAdc
 .text.Collect  0x080055a8      0x3bc src\main.o
                0x080055a8                Collect
 .text.Clear    0x08005964       0x68 src\main.o
                0x08005964                Clear
 .text.Overwrite
                0x080059cc       0xd0 src\main.o
                0x080059cc                Overwrite
 .text.SysTick_Handler
                0x08005a9c       0x18 src\main.o
                0x08005a9c                SysTick_Handler
 .text.main     0x08005ab4      0x114 src\main.o
                0x08005ab4                main
 .text.Reset_Handler
                0x08005bc8       0x50 src\startup_stm32f429x.o
                0x08005bc8                Reset_Handler
 .text.Default_Handler
                0x08005c18        0x2 src\startup_stm32f429x.o
                0x08005c18                RTC_Alarm_IRQHandler
                0x08005c18                HASH_RNG_IRQHandler
                0x08005c18                EXTI2_IRQHandler
                0x08005c18                TIM8_CC_IRQHandler
                0x08005c18                UART8_IRQHandler
                0x08005c18                SPI4_IRQHandler
                0x08005c18                TIM1_CC_IRQHandler
                0x08005c18                DMA2_Stream5_IRQHandler
                0x08005c18                DMA1_Stream5_IRQHandler
                0x08005c18                PVD_IRQHandler
                0x08005c18                SDIO_IRQHandler
                0x08005c18                TAMP_STAMP_IRQHandler
                0x08005c18                CAN2_RX1_IRQHandler
                0x08005c18                EXTI3_IRQHandler
                0x08005c18                TIM8_TRG_COM_TIM14_IRQHandler
                0x08005c18                TIM1_UP_TIM10_IRQHandler
                0x08005c18                TIM8_UP_TIM13_IRQHandler
                0x08005c18                I2C3_ER_IRQHandler
                0x08005c18                EXTI0_IRQHandler
                0x08005c18                I2C2_EV_IRQHandler
                0x08005c18                CAN1_RX0_IRQHandler
                0x08005c18                FPU_IRQHandler
                0x08005c18                OTG_HS_WKUP_IRQHandler
                0x08005c18                LTDC_ER_IRQHandler
                0x08005c18                CAN2_SCE_IRQHandler
                0x08005c18                DMA2_Stream2_IRQHandler
                0x08005c18                SPI1_IRQHandler
                0x08005c18                TIM6_DAC_IRQHandler
                0x08005c18                TIM1_BRK_TIM9_IRQHandler
                0x08005c18                DCMI_IRQHandler
                0x08005c18                CAN2_RX0_IRQHandler
                0x08005c18                DMA2_Stream3_IRQHandler
                0x08005c18                USART6_IRQHandler
                0x08005c18                USART3_IRQHandler
                0x08005c18                CRYP_IRQHandler
                0x08005c18                CAN1_RX1_IRQHandler
                0x08005c18                UART5_IRQHandler
                0x08005c18                DMA2_Stream0_IRQHandler
                0x08005c18                TIM4_IRQHandler
                0x08005c18                I2C1_EV_IRQHandler
                0x08005c18                DMA1_Stream6_IRQHandler
                0x08005c18                DMA1_Stream1_IRQHandler
                0x08005c18                UART4_IRQHandler
                0x08005c18                TIM3_IRQHandler
                0x08005c18                RCC_IRQHandler
                0x08005c18                TIM8_BRK_TIM12_IRQHandler
                0x08005c18                Default_Handler
                0x08005c18                EXTI15_10_IRQHandler
                0x08005c18                ADC_IRQHandler
                0x08005c18                DMA1_Stream7_IRQHandler
                0x08005c18                SPI5_IRQHandler
                0x08005c18                TIM7_IRQHandler
                0x08005c18                CAN2_TX_IRQHandler
                0x08005c18                TIM5_IRQHandler
                0x08005c18                DMA2_Stream7_IRQHandler
                0x08005c18                I2C3_EV_IRQHandler
                0x08005c18                EXTI9_5_IRQHandler
                0x08005c18                RTC_WKUP_IRQHandler
                0x08005c18                LTDC_IRQHandler
                0x08005c18                ETH_WKUP_IRQHandler
                0x08005c18                SPI2_IRQHandler
                0x08005c18                OTG_HS_EP1_IN_IRQHandler
                0x08005c18                DMA1_Stream0_IRQHandler
                0x08005c18                CAN1_TX_IRQHandler
                0x08005c18                EXTI4_IRQHandler
                0x08005c18                ETH_IRQHandler
                0x08005c18                OTG_HS_EP1_OUT_IRQHandler
                0x08005c18                WWDG_IRQHandler
                0x08005c18                SPI6_IRQHandler
                0x08005c18                TIM2_IRQHandler
                0x08005c18                OTG_FS_WKUP_IRQHandler
                0x08005c18                TIM1_TRG_COM_TIM11_IRQHandler
                0x08005c18                OTG_HS_IRQHandler
                0x08005c18                DMA2D_IRQHandler
                0x08005c18                EXTI1_IRQHandler
                0x08005c18                UART7_IRQHandler
                0x08005c18                USART2_IRQHandler
                0x08005c18                I2C2_ER_IRQHandler
                0x08005c18                DMA2_Stream1_IRQHandler
                0x08005c18                CAN1_SCE_IRQHandler
                0x08005c18                FLASH_IRQHandler
                0x08005c18                DMA2_Stream4_IRQHandler
                0x08005c18                OTG_FS_IRQHandler
                0x08005c18                SPI3_IRQHandler
                0x08005c18                I2C1_ER_IRQHandler
                0x08005c18                FMC_IRQHandler
                0x08005c18                DMA2_Stream6_IRQHandler
                0x08005c18                SAI1_IRQHandler
                0x08005c18                DMA1_Stream3_IRQHandler
 *fill*         0x08005c1a        0x2 
 .text.UB_Uart_Init
                0x08005c1c      0x150 src\stm32_ub_uart.o
                0x08005c1c                UB_Uart_Init
 .text.UB_Uart_SendByte
                0x08005d6c       0x5c src\stm32_ub_uart.o
                0x08005d6c                UB_Uart_SendByte
 .text.UB_Uart_SendString
                0x08005dc8       0x34 src\stm32_ub_uart.o
                0x08005dc8                UB_Uart_SendString
 .text.P_UART_Receive
                0x08005dfc       0xf4 src\stm32_ub_uart.o
                0x08005dfc                P_UART_Receive
 .text.P_UART_RX_INT
                0x08005ef0       0x54 src\stm32_ub_uart.o
                0x08005ef0                P_UART_RX_INT
 .text.USART1_IRQHandler
                0x08005f44       0x38 src\stm32_ub_uart.o
                0x08005f44                USART1_IRQHandler
 .text.NMI_Handler
                0x08005f7c        0xe src\stm32f4xx_it.o
                0x08005f7c                NMI_Handler
 .text.HardFault_Handler
                0x08005f8a        0x6 src\stm32f4xx_it.o
                0x08005f8a                HardFault_Handler
 .text.MemManage_Handler
                0x08005f90        0x6 src\stm32f4xx_it.o
                0x08005f90                MemManage_Handler
 .text.BusFault_Handler
                0x08005f96        0x6 src\stm32f4xx_it.o
                0x08005f96                BusFault_Handler
 .text.UsageFault_Handler
                0x08005f9c        0x6 src\stm32f4xx_it.o
                0x08005f9c                UsageFault_Handler
 .text.SVC_Handler
                0x08005fa2        0xe src\stm32f4xx_it.o
                0x08005fa2                SVC_Handler
 .text.DebugMon_Handler
                0x08005fb0        0xe src\stm32f4xx_it.o
                0x08005fb0                DebugMon_Handler
 .text.PendSV_Handler
                0x08005fbe        0xe src\stm32f4xx_it.o
                0x08005fbe                PendSV_Handler
 .text.SystemInit
                0x08005fcc       0x6c src\system_stm32f4xx.o
                0x08005fcc                SystemInit
 .text.SystemCoreClockUpdate
                0x08006038       0xf8 src\system_stm32f4xx.o
                0x08006038                SystemCoreClockUpdate
 .text.SetSysClock
                0x08006130       0xf8 src\system_stm32f4xx.o
 .text.ts_itoa  0x08006228       0x92 src\tiny_printf.o
                0x08006228                ts_itoa
 .text.ts_formatstring
                0x080062ba      0x12e src\tiny_printf.o
                0x080062ba                ts_formatstring
 .text.siprintf
                0x080063e8       0x2c src\tiny_printf.o
                0x080063e8                siprintf
                0x080063e8                sprintf
 .text.__libc_init_array
                0x08006414       0x48 c:/program files (x86)/atollic/truestudio for arm 8.0.0/armtools/bin/../lib/gcc/arm-atollic-eabi/6.3.1/../../../../arm-atollic-eabi/lib/armv7e-m/fpu\libc_nano.a(lib_a-init.o)
                0x08006414                __libc_init_array
 .text.memset   0x0800645c       0x10 c:/program files (x86)/atollic/truestudio for arm 8.0.0/armtools/bin/../lib/gcc/arm-atollic-eabi/6.3.1/../../../../arm-atollic-eabi/lib/armv7e-m/fpu\libc_nano.a(lib_a-memset.o)
                0x0800645c                memset
 .text.sqrtf    0x0800646c       0xa0 c:/program files (x86)/atollic/truestudio for arm 8.0.0/armtools/bin/../lib/gcc/arm-atollic-eabi/6.3.1/../../../../arm-atollic-eabi/lib/armv7e-m/fpu\libm.a(lib_a-wf_sqrt.o)
                0x0800646c                sqrtf
 .text.__ieee754_sqrtf
                0x0800650c       0x8e c:/program files (x86)/atollic/truestudio for arm 8.0.0/armtools/bin/../lib/gcc/arm-atollic-eabi/6.3.1/../../../../arm-atollic-eabi/lib/armv7e-m/fpu\libm.a(lib_a-ef_sqrt.o)
                0x0800650c                __ieee754_sqrtf
 .text.matherr  0x0800659a        0x4 c:/program files (x86)/atollic/truestudio for arm 8.0.0/armtools/bin/../lib/gcc/arm-atollic-eabi/6.3.1/../../../../arm-atollic-eabi/lib/armv7e-m/fpu\libm.a(lib_a-s_matherr.o)
                0x0800659a                matherr
 *fill*         0x0800659e        0x2 
 .text.__errno  0x080065a0        0xc c:/program files (x86)/atollic/truestudio for arm 8.0.0/armtools/bin/../lib/gcc/arm-atollic-eabi/6.3.1/../../../../arm-atollic-eabi/lib/armv7e-m/fpu\libc_nano.a(lib_a-errno.o)
                0x080065a0                __errno
 *(.glue_7)
 .glue_7        0x080065ac        0x0 linker stubs
 *(.glue_7t)
 .glue_7t       0x080065ac        0x0 linker stubs
 *(.eh_frame)
 .eh_frame      0x080065ac        0x0 c:/program files (x86)/atollic/truestudio for arm 8.0.0/armtools/bin/../lib/gcc/arm-atollic-eabi/6.3.1/armv7e-m/fpu/crtbegin.o
 *(.init)
 .init          0x080065ac        0x4 c:/program files (x86)/atollic/truestudio for arm 8.0.0/armtools/bin/../lib/gcc/arm-atollic-eabi/6.3.1/armv7e-m/fpu/crti.o
                0x080065ac                _init
 .init          0x080065b0        0x8 c:/program files (x86)/atollic/truestudio for arm 8.0.0/armtools/bin/../lib/gcc/arm-atollic-eabi/6.3.1/armv7e-m/fpu/crtn.o
 *(.fini)
 .fini          0x080065b8        0x4 c:/program files (x86)/atollic/truestudio for arm 8.0.0/armtools/bin/../lib/gcc/arm-atollic-eabi/6.3.1/armv7e-m/fpu/crti.o
                0x080065b8                _fini
 .fini          0x080065bc        0x8 c:/program files (x86)/atollic/truestudio for arm 8.0.0/armtools/bin/../lib/gcc/arm-atollic-eabi/6.3.1/armv7e-m/fpu/crtn.o
                0x080065c4                . = ALIGN (0x4)
                0x080065c4                _etext = .

.vfp11_veneer   0x080065c4        0x0
 .vfp11_veneer  0x080065c4        0x0 linker stubs

.v4_bx          0x080065c4        0x0
 .v4_bx         0x080065c4        0x0 linker stubs

.iplt           0x080065c4        0x0
 .iplt          0x080065c4        0x0 c:/program files (x86)/atollic/truestudio for arm 8.0.0/armtools/bin/../lib/gcc/arm-atollic-eabi/6.3.1/armv7e-m/fpu/crtbegin.o

.rodata         0x080065c4     0x7d30
                0x080065c4                . = ALIGN (0x4)
 *(.rodata)
 .rodata        0x080065c4       0x56 src\main.o
 *(.rodata*)
 *fill*         0x0800661a        0x2 
 .rodata.armBitRevTable
                0x0800661c      0x200 Libraries\DSP\CommonTables\arm_common_tables.o
                0x0800661c                armBitRevTable
 .rodata.twiddleCoef
                0x0800681c     0x2000 Libraries\DSP\TransformFunctions\arm_cfft_radix4_init_f32.o
 .rodata.realCoefA
                0x0800881c     0x2000 Libraries\DSP\TransformFunctions\arm_rfft_init_f32.o
 .rodata.realCoefB
                0x0800a81c     0x2000 Libraries\DSP\TransformFunctions\arm_rfft_init_f32.o
 .rodata.ASCII16x24_Table
                0x0800c81c     0x11d0 Utilities\Common\fonts.o
                0x0800c81c                ASCII16x24_Table
 .rodata.ASCII8x12_Table
                0x0800d9ec      0x900 Utilities\Common\fonts.o
                0x0800d9ec                ASCII8x12_Table
 .rodata.sqrtf.str1.1
                0x0800e2ec        0x6 c:/program files (x86)/atollic/truestudio for arm 8.0.0/armtools/bin/../lib/gcc/arm-atollic-eabi/6.3.1/../../../../arm-atollic-eabi/lib/armv7e-m/fpu\libm.a(lib_a-wf_sqrt.o)
                0x0800e2f4                . = ALIGN (0x4)
 *fill*         0x0800e2f2        0x2 

.rel.dyn        0x0800e2f4        0x0
 .rel.iplt      0x0800e2f4        0x0 c:/program files (x86)/atollic/truestudio for arm 8.0.0/armtools/bin/../lib/gcc/arm-atollic-eabi/6.3.1/armv7e-m/fpu/crtbegin.o

.ARM.extab
 *(.ARM.extab* .gnu.linkonce.armextab.*)

.ARM            0x0800e2f4        0x0
                0x0800e2f4                __exidx_start = .
 *(.ARM.exidx*)
                0x0800e2f4                __exidx_end = .

.preinit_array  0x0800e2f4        0x0
                0x0800e2f4                PROVIDE (__preinit_array_start, .)
 *(.preinit_array*)
                0x0800e2f4                PROVIDE (__preinit_array_end, .)

.init_array     0x0800e2f4        0x4
                0x0800e2f4                PROVIDE (__init_array_start, .)
 *(SORT(.init_array.*))
 *(.init_array*)
 .init_array    0x0800e2f4        0x4 c:/program files (x86)/atollic/truestudio for arm 8.0.0/armtools/bin/../lib/gcc/arm-atollic-eabi/6.3.1/armv7e-m/fpu/crtbegin.o
                0x0800e2f8                PROVIDE (__init_array_end, .)

.fini_array     0x0800e2f8        0x4
                [!provide]                PROVIDE (__fini_array_start, .)
 *(SORT(.fini_array.*))
 *(.fini_array*)
 .fini_array    0x0800e2f8        0x4 c:/program files (x86)/atollic/truestudio for arm 8.0.0/armtools/bin/../lib/gcc/arm-atollic-eabi/6.3.1/armv7e-m/fpu/crtbegin.o
                [!provide]                PROVIDE (__fini_array_end, .)
                0x0800e2fc                _sidata = LOADADDR (.data)

.data           0x20000000       0xe4 load address 0x0800e2fc
                0x20000000                . = ALIGN (0x4)
                0x20000000                _sdata = .
 *(.data)
 *(.data*)
 .data.APBAHBPrescTable
                0x20000000       0x10 Libraries\STM32F4xx_StdPeriph_Driver\src\stm32f4xx_rcc.o
 .data.Font16x24
                0x20000010        0x8 Utilities\Common\fonts.o
                0x20000010                Font16x24
 .data.Font8x12
                0x20000018        0x8 Utilities\Common\fonts.o
                0x20000018                Font8x12
 .data.sEETimeout
                0x20000020        0x4 Utilities\STM32F429I-Discovery\stm32f429i_discovery_i2c_ee.o
                0x20000020                sEETimeout
 .data.CurrentBackColor
                0x20000024        0x2 Utilities\STM32F429I-Discovery\stm32f429i_discovery_lcd.o
 *fill*         0x20000026        0x2 
 .data.CurrentFrameBuffer
                0x20000028        0x4 Utilities\STM32F429I-Discovery\stm32f429i_discovery_lcd.o
 .data.Sign.13503
                0x2000002c        0x4 src\main.o
 .data.UART     0x20000030       0x38 src\stm32_ub_uart.o
                0x20000030                UART
 .data.SystemCoreClock
                0x20000068        0x4 src\system_stm32f4xx.o
                0x20000068                SystemCoreClock
 .data.AHBPrescTable
                0x2000006c       0x10 src\system_stm32f4xx.o
                0x2000006c                AHBPrescTable
 .data.__fdlib_version
                0x2000007c        0x1 c:/program files (x86)/atollic/truestudio for arm 8.0.0/armtools/bin/../lib/gcc/arm-atollic-eabi/6.3.1/../../../../arm-atollic-eabi/lib/armv7e-m/fpu\libm.a(lib_a-s_lib_ver.o)
                0x2000007c                __fdlib_version
 *fill*         0x2000007d        0x3 
 .data._impure_ptr
                0x20000080        0x4 c:/program files (x86)/atollic/truestudio for arm 8.0.0/armtools/bin/../lib/gcc/arm-atollic-eabi/6.3.1/../../../../arm-atollic-eabi/lib/armv7e-m/fpu\libc_nano.a(lib_a-impure.o)
                0x20000080                _impure_ptr
 .data.impure_data
                0x20000084       0x60 c:/program files (x86)/atollic/truestudio for arm 8.0.0/armtools/bin/../lib/gcc/arm-atollic-eabi/6.3.1/../../../../arm-atollic-eabi/lib/armv7e-m/fpu\libc_nano.a(lib_a-impure.o)
                0x200000e4                . = ALIGN (0x4)
                0x200000e4                _edata = .
                0x0800e3e0                _siccmram = LOADADDR (.ccmram)

.igot.plt       0x200000e4        0x0 load address 0x0800e3e0
 .igot.plt      0x200000e4        0x0 c:/program files (x86)/atollic/truestudio for arm 8.0.0/armtools/bin/../lib/gcc/arm-atollic-eabi/6.3.1/armv7e-m/fpu/crtbegin.o

.ccmram         0x10000000        0x0 load address 0x0800e3e0
                0x10000000                . = ALIGN (0x4)
                0x10000000                _sccmram = .
 *(.ccmram)
 *(.ccmram*)
                0x10000000                . = ALIGN (0x4)
                0x10000000                _eccmram = .
                0x10000000                . = ALIGN (0x4)

.bss            0x200000e4     0xeb28
                0x200000e4                _sbss = .
                0x200000e4                __bss_start__ = _sbss
 *(.bss)
 .bss           0x200000e4       0x1c c:/program files (x86)/atollic/truestudio for arm 8.0.0/armtools/bin/../lib/gcc/arm-atollic-eabi/6.3.1/armv7e-m/fpu/crtbegin.o
 *(.bss*)
 .bss.LCD_Currentfonts
                0x20000100        0x4 Utilities\STM32F429I-Discovery\stm32f429i_discovery_lcd.o
 .bss.CurrentTextColor
                0x20000104        0x2 Utilities\STM32F429I-Discovery\stm32f429i_discovery_lcd.o
 *fill*         0x20000106        0x2 
 .bss.CurrentLayer
                0x20000108        0x4 Utilities\STM32F429I-Discovery\stm32f429i_discovery_lcd.o
 .bss.Counter_MoveDetected_Forearm.13498
                0x2000010c        0x2 src\main.o
 .bss.WaitUntilMoved.13497
                0x2000010e        0x1 src\main.o
 *fill*         0x2000010f        0x1 
 .bss.Counter_MoveDetected_Biceps.13499
                0x20000110        0x2 src\main.o
 .bss.Counter_MoveDetected_Shoulder.13500
                0x20000112        0x2 src\main.o
 .bss.Counter_ChangeSing.13501
                0x20000114        0x2 src\main.o
 .bss.Actual_Sing.13502
                0x20000116        0x2 src\main.o
 *(COMMON)
 COMMON         0x20000118        0xc Utilities\STM32F429I-Discovery\stm32f429i_discovery_i2c_ee.o
                0x20000118                sEEDataWritePointer
                0x2000011c                sEEDataNum
                0x20000120                sEEDataReadPointer
 COMMON         0x20000124     0xeae8 src\main.o
                0x20000124                Buffor_LCD_3
                0x20000324                Cale_LCD_2
                0x20000328                flag_SysTick
                0x2000032c                buffer_output_mag
                0x2000332c                licznik_2
                0x20003330                Cale_UART_1
                0x20003334                Liczba_UART_2
                0x20003338                Buffor_UART_3
                0x20003b38                buffer_output_mag_copy
                0x20004738                Buffor_LCD_2
                0x20004938                Flag_ActionDetected_Finger
                0x2000493c                Ulamek_UART_2
                0x20004940                licznik_1
                0x20004944                FFT
                0x20006144                S
                0x2000615c                Buffor_Collect
                0x20006170                Cale_LCD_1
                0x20006174                Ulamek_UART_1
                0x20006178                buffer_output
                0x20009178                Ulamek_LCD_1
                0x2000917c                Liczba_LCD_2
                0x20009180                Ulamek_LCD_2
                0x20009184                Liczba_LCD_1
                0x20009188                Flag_ActionDetected_Forearm
                0x20009189                Flag_ActionDetected_Biceps
                0x2000918c                Buffor_UART_1
                0x2000998c                maxvalue
                0x20009998                voltage_Pomiar
                0x200099a0                Liczba_UART_1
                0x200099a4                buffer_input
                0x2000c9a4                ulamekFFT
                0x2000c9a8                Buffer
                0x2000cda8                fft
                0x2000cdac                S_CFFT
                0x2000cdc0                Buffor_UART_2
                0x2000d5c0                caleFFT
                0x2000d5c4                UART_RX
                0x2000d5f8                Flag_ActionDetected_Shoulder
                0x2000d5fc                Buffer3
                0x2000d9fc                Buffor_LCD_1
                0x2000dbfc                Cale_UART_2
                0x2000dc00                Buffer2
                0x2000e000                maxvalueindex
                0x2000e00c                buffer_input_copy
                0x2000ec0c                . = ALIGN (0x4)
                0x2000ec0c                _ebss = .
                0x2000ec0c                __bss_end__ = _ebss

._user_heap_stack
                0x2000ec0c      0x400
                0x2000ec0c                . = ALIGN (0x4)
                [!provide]                PROVIDE (end, .)
                [!provide]                PROVIDE (_end, .)
                0x2000ec0c                . = (. + _Min_Heap_Size)
                0x2000f00c                . = (. + _Min_Stack_Size)
 *fill*         0x2000ec0c      0x400 
                0x2000f00c                . = ALIGN (0x4)

.memory_b1_text
 *(.mb1text)
 *(.mb1text*)
 *(.mb1rodata)
 *(.mb1rodata*)

/DISCARD/
 libc.a(*)
 libm.a(*)
 libgcc.a(*)

.ARM.attributes
                0x00000000       0x30
 *(.ARM.attributes)
 .ARM.attributes
                0x00000000       0x22 c:/program files (x86)/atollic/truestudio for arm 8.0.0/armtools/bin/../lib/gcc/arm-atollic-eabi/6.3.1/armv7e-m/fpu/crti.o
 .ARM.attributes
                0x00000022       0x34 c:/program files (x86)/atollic/truestudio for arm 8.0.0/armtools/bin/../lib/gcc/arm-atollic-eabi/6.3.1/armv7e-m/fpu/crtbegin.o
 .ARM.attributes
                0x00000056       0x39 Libraries\DSP\CommonTables\arm_common_tables.o
 .ARM.attributes
                0x0000008f       0x39 Libraries\DSP\ComplexMathFunctions\arm_cmplx_mag_f32.o
 .ARM.attributes
                0x000000c8       0x39 Libraries\DSP\StatisticsFunctions\arm_max_f32.o
 .ARM.attributes
                0x00000101       0x39 Libraries\DSP\TransformFunctions\arm_cfft_radix4_f32.o
 .ARM.attributes
                0x0000013a       0x39 Libraries\DSP\TransformFunctions\arm_cfft_radix4_init_f32.o
 .ARM.attributes
                0x00000173       0x39 Libraries\DSP\TransformFunctions\arm_rfft_f32.o
 .ARM.attributes
                0x000001ac       0x39 Libraries\DSP\TransformFunctions\arm_rfft_init_f32.o
 .ARM.attributes
                0x000001e5       0x39 Libraries\STM32F4xx_StdPeriph_Driver\src\misc.o
 .ARM.attributes
                0x0000021e       0x39 Libraries\STM32F4xx_StdPeriph_Driver\src\stm32f4xx_adc.o
 .ARM.attributes
                0x00000257       0x39 Libraries\STM32F4xx_StdPeriph_Driver\src\stm32f4xx_dma.o
 .ARM.attributes
                0x00000290       0x39 Libraries\STM32F4xx_StdPeriph_Driver\src\stm32f4xx_dma2d.o
 .ARM.attributes
                0x000002c9       0x39 Libraries\STM32F4xx_StdPeriph_Driver\src\stm32f4xx_fmc.o
 .ARM.attributes
                0x00000302       0x39 Libraries\STM32F4xx_StdPeriph_Driver\src\stm32f4xx_gpio.o
 .ARM.attributes
                0x0000033b       0x39 Libraries\STM32F4xx_StdPeriph_Driver\src\stm32f4xx_i2c.o
 .ARM.attributes
                0x00000374       0x39 Libraries\STM32F4xx_StdPeriph_Driver\src\stm32f4xx_ltdc.o
 .ARM.attributes
                0x000003ad       0x39 Libraries\STM32F4xx_StdPeriph_Driver\src\stm32f4xx_rcc.o
 .ARM.attributes
                0x000003e6       0x39 Libraries\STM32F4xx_StdPeriph_Driver\src\stm32f4xx_spi.o
 .ARM.attributes
                0x0000041f       0x39 Libraries\STM32F4xx_StdPeriph_Driver\src\stm32f4xx_usart.o
 .ARM.attributes
                0x00000458       0x39 Utilities\Common\fonts.o
 .ARM.attributes
                0x00000491       0x39 Utilities\STM32F429I-Discovery\stm32f429i_discovery_i2c_ee.o
 .ARM.attributes
                0x000004ca       0x39 Utilities\STM32F429I-Discovery\stm32f429i_discovery_lcd.o
 .ARM.attributes
                0x00000503       0x39 Utilities\STM32F429I-Discovery\stm32f429i_discovery_sdram.o
 .ARM.attributes
                0x0000053c       0x39 src\main.o
 .ARM.attributes
                0x00000575       0x21 src\startup_stm32f429x.o
 .ARM.attributes
                0x00000596       0x39 src\stm32_ub_uart.o
 .ARM.attributes
                0x000005cf       0x39 src\stm32f4xx_it.o
 .ARM.attributes
                0x00000608       0x39 src\system_stm32f4xx.o
 .ARM.attributes
                0x00000641       0x39 src\tiny_printf.o
 .ARM.attributes
                0x0000067a       0x34 c:/program files (x86)/atollic/truestudio for arm 8.0.0/armtools/bin/../lib/gcc/arm-atollic-eabi/6.3.1/../../../../arm-atollic-eabi/lib/armv7e-m/fpu\libc_nano.a(lib_a-init.o)
 .ARM.attributes
                0x000006ae       0x34 c:/program files (x86)/atollic/truestudio for arm 8.0.0/armtools/bin/../lib/gcc/arm-atollic-eabi/6.3.1/../../../../arm-atollic-eabi/lib/armv7e-m/fpu\libc_nano.a(lib_a-memset.o)
 .ARM.attributes
                0x000006e2       0x34 c:/program files (x86)/atollic/truestudio for arm 8.0.0/armtools/bin/../lib/gcc/arm-atollic-eabi/6.3.1/../../../../arm-atollic-eabi/lib/armv7e-m/fpu\libm.a(lib_a-wf_sqrt.o)
 .ARM.attributes
                0x00000716       0x34 c:/program files (x86)/atollic/truestudio for arm 8.0.0/armtools/bin/../lib/gcc/arm-atollic-eabi/6.3.1/../../../../arm-atollic-eabi/lib/armv7e-m/fpu\libm.a(lib_a-ef_sqrt.o)
 .ARM.attributes
                0x0000074a       0x34 c:/program files (x86)/atollic/truestudio for arm 8.0.0/armtools/bin/../lib/gcc/arm-atollic-eabi/6.3.1/../../../../arm-atollic-eabi/lib/armv7e-m/fpu\libm.a(lib_a-s_lib_ver.o)
 .ARM.attributes
                0x0000077e       0x34 c:/program files (x86)/atollic/truestudio for arm 8.0.0/armtools/bin/../lib/gcc/arm-atollic-eabi/6.3.1/../../../../arm-atollic-eabi/lib/armv7e-m/fpu\libm.a(lib_a-s_matherr.o)
 .ARM.attributes
                0x000007b2       0x34 c:/program files (x86)/atollic/truestudio for arm 8.0.0/armtools/bin/../lib/gcc/arm-atollic-eabi/6.3.1/../../../../arm-atollic-eabi/lib/armv7e-m/fpu\libc_nano.a(lib_a-errno.o)
 .ARM.attributes
                0x000007e6       0x34 c:/program files (x86)/atollic/truestudio for arm 8.0.0/armtools/bin/../lib/gcc/arm-atollic-eabi/6.3.1/../../../../arm-atollic-eabi/lib/armv7e-m/fpu\libc_nano.a(lib_a-impure.o)
 .ARM.attributes
                0x0000081a       0x22 c:/program files (x86)/atollic/truestudio for arm 8.0.0/armtools/bin/../lib/gcc/arm-atollic-eabi/6.3.1/armv7e-m/fpu\libgcc.a(_arm_addsubdf3.o)
 .ARM.attributes
                0x0000083c       0x22 c:/program files (x86)/atollic/truestudio for arm 8.0.0/armtools/bin/../lib/gcc/arm-atollic-eabi/6.3.1/armv7e-m/fpu\libgcc.a(_arm_muldivdf3.o)
 .ARM.attributes
                0x0000085e       0x22 c:/program files (x86)/atollic/truestudio for arm 8.0.0/armtools/bin/../lib/gcc/arm-atollic-eabi/6.3.1/armv7e-m/fpu\libgcc.a(_arm_truncdfsf2.o)
 .ARM.attributes
                0x00000880       0x22 c:/program files (x86)/atollic/truestudio for arm 8.0.0/armtools/bin/../lib/gcc/arm-atollic-eabi/6.3.1/armv7e-m/fpu/crtn.o
OUTPUT(SysHandler.elf elf32-littlearm)

.debug_info     0x00000000    0x11d3f
 .debug_info    0x00000000      0x9a3 Libraries\DSP\CommonTables\arm_common_tables.o
 .debug_info    0x000009a3      0x9da Libraries\DSP\ComplexMathFunctions\arm_cmplx_mag_f32.o
 .debug_info    0x0000137d      0x984 Libraries\DSP\StatisticsFunctions\arm_max_f32.o
 .debug_info    0x00001d01      0xe0f Libraries\DSP\TransformFunctions\arm_cfft_radix4_f32.o
 .debug_info    0x00002b10      0xb2e Libraries\DSP\TransformFunctions\arm_cfft_radix4_init_f32.o
 .debug_info    0x0000363e      0xd00 Libraries\DSP\TransformFunctions\arm_rfft_f32.o
 .debug_info    0x0000433e      0xb23 Libraries\DSP\TransformFunctions\arm_rfft_init_f32.o
 .debug_info    0x00004e61      0x54d Libraries\STM32F4xx_StdPeriph_Driver\src\misc.o
 .debug_info    0x000053ae      0xc4f Libraries\STM32F4xx_StdPeriph_Driver\src\stm32f4xx_adc.o
 .debug_info    0x00005ffd      0x74c Libraries\STM32F4xx_StdPeriph_Driver\src\stm32f4xx_dma.o
 .debug_info    0x00006749      0x82b Libraries\STM32F4xx_StdPeriph_Driver\src\stm32f4xx_dma2d.o
 .debug_info    0x00006f74      0xc94 Libraries\STM32F4xx_StdPeriph_Driver\src\stm32f4xx_fmc.o
 .debug_info    0x00007c08      0x628 Libraries\STM32F4xx_StdPeriph_Driver\src\stm32f4xx_gpio.o
 .debug_info    0x00008230      0xb9e Libraries\STM32F4xx_StdPeriph_Driver\src\stm32f4xx_i2c.o
 .debug_info    0x00008dce      0xd0f Libraries\STM32F4xx_StdPeriph_Driver\src\stm32f4xx_ltdc.o
 .debug_info    0x00009add      0xe36 Libraries\STM32F4xx_StdPeriph_Driver\src\stm32f4xx_rcc.o
 .debug_info    0x0000a913      0xb34 Libraries\STM32F4xx_StdPeriph_Driver\src\stm32f4xx_spi.o
 .debug_info    0x0000b447      0x9d5 Libraries\STM32F4xx_StdPeriph_Driver\src\stm32f4xx_usart.o
 .debug_info    0x0000be1c      0x1b5 Utilities\Common\fonts.o
 .debug_info    0x0000bfd1      0x50d Utilities\STM32F429I-Discovery\stm32f429i_discovery_i2c_ee.o
 .debug_info    0x0000c4de     0x18c4 Utilities\STM32F429I-Discovery\stm32f429i_discovery_lcd.o
 .debug_info    0x0000dda2      0x598 Utilities\STM32F429I-Discovery\stm32f429i_discovery_sdram.o
 .debug_info    0x0000e33a     0x1bd6 src\main.o
 .debug_info    0x0000ff10       0x88 src\startup_stm32f429x.o
 .debug_info    0x0000ff98      0x9f5 src\stm32_ub_uart.o
 .debug_info    0x0001098d      0x143 src\stm32f4xx_it.o
 .debug_info    0x00010ad0      0x5f7 src\system_stm32f4xx.o
 .debug_info    0x000110c7      0xc78 src\tiny_printf.o

.debug_abbrev   0x00000000     0x2f32
 .debug_abbrev  0x00000000      0x178 Libraries\DSP\CommonTables\arm_common_tables.o
 .debug_abbrev  0x00000178      0x1e8 Libraries\DSP\ComplexMathFunctions\arm_cmplx_mag_f32.o
 .debug_abbrev  0x00000360      0x1b2 Libraries\DSP\StatisticsFunctions\arm_max_f32.o
 .debug_abbrev  0x00000512      0x24a Libraries\DSP\TransformFunctions\arm_cfft_radix4_f32.o
 .debug_abbrev  0x0000075c      0x1f7 Libraries\DSP\TransformFunctions\arm_cfft_radix4_init_f32.o
 .debug_abbrev  0x00000953      0x25d Libraries\DSP\TransformFunctions\arm_rfft_f32.o
 .debug_abbrev  0x00000bb0      0x1e6 Libraries\DSP\TransformFunctions\arm_rfft_init_f32.o
 .debug_abbrev  0x00000d96      0x172 Libraries\STM32F4xx_StdPeriph_Driver\src\misc.o
 .debug_abbrev  0x00000f08      0x1ab Libraries\STM32F4xx_StdPeriph_Driver\src\stm32f4xx_adc.o
 .debug_abbrev  0x000010b3      0x168 Libraries\STM32F4xx_StdPeriph_Driver\src\stm32f4xx_dma.o
 .debug_abbrev  0x0000121b      0x1bb Libraries\STM32F4xx_StdPeriph_Driver\src\stm32f4xx_dma2d.o
 .debug_abbrev  0x000013d6      0x1ac Libraries\STM32F4xx_StdPeriph_Driver\src\stm32f4xx_fmc.o
 .debug_abbrev  0x00001582      0x1b8 Libraries\STM32F4xx_StdPeriph_Driver\src\stm32f4xx_gpio.o
 .debug_abbrev  0x0000173a      0x191 Libraries\STM32F4xx_StdPeriph_Driver\src\stm32f4xx_i2c.o
 .debug_abbrev  0x000018cb      0x1a3 Libraries\STM32F4xx_StdPeriph_Driver\src\stm32f4xx_ltdc.o
 .debug_abbrev  0x00001a6e      0x1cf Libraries\STM32F4xx_StdPeriph_Driver\src\stm32f4xx_rcc.o
 .debug_abbrev  0x00001c3d      0x17a Libraries\STM32F4xx_StdPeriph_Driver\src\stm32f4xx_spi.o
 .debug_abbrev  0x00001db7      0x182 Libraries\STM32F4xx_StdPeriph_Driver\src\stm32f4xx_usart.o
 .debug_abbrev  0x00001f39       0xb3 Utilities\Common\fonts.o
 .debug_abbrev  0x00001fec      0x1c7 Utilities\STM32F429I-Discovery\stm32f429i_discovery_i2c_ee.o
 .debug_abbrev  0x000021b3      0x253 Utilities\STM32F429I-Discovery\stm32f429i_discovery_lcd.o
 .debug_abbrev  0x00002406      0x190 Utilities\STM32F429I-Discovery\stm32f429i_discovery_sdram.o
 .debug_abbrev  0x00002596      0x367 src\main.o
 .debug_abbrev  0x000028fd       0x12 src\startup_stm32f429x.o
 .debug_abbrev  0x0000290f      0x1f1 src\stm32_ub_uart.o
 .debug_abbrev  0x00002b00       0x78 src\stm32f4xx_it.o
 .debug_abbrev  0x00002b78      0x158 src\system_stm32f4xx.o
 .debug_abbrev  0x00002cd0      0x262 src\tiny_printf.o

.debug_aranges  0x00000000      0xf98
 .debug_aranges
                0x00000000       0x18 Libraries\DSP\CommonTables\arm_common_tables.o
 .debug_aranges
                0x00000018       0x28 Libraries\DSP\ComplexMathFunctions\arm_cmplx_mag_f32.o
 .debug_aranges
                0x00000040       0x20 Libraries\DSP\StatisticsFunctions\arm_max_f32.o
 .debug_aranges
                0x00000060       0x38 Libraries\DSP\TransformFunctions\arm_cfft_radix4_f32.o
 .debug_aranges
                0x00000098       0x20 Libraries\DSP\TransformFunctions\arm_cfft_radix4_init_f32.o
 .debug_aranges
                0x000000b8       0x30 Libraries\DSP\TransformFunctions\arm_rfft_f32.o
 .debug_aranges
                0x000000e8       0x20 Libraries\DSP\TransformFunctions\arm_rfft_init_f32.o
 .debug_aranges
                0x00000108       0x40 Libraries\STM32F4xx_StdPeriph_Driver\src\misc.o
 .debug_aranges
                0x00000148      0x148 Libraries\STM32F4xx_StdPeriph_Driver\src\stm32f4xx_adc.o
 .debug_aranges
                0x00000290       0xb0 Libraries\STM32F4xx_StdPeriph_Driver\src\stm32f4xx_dma.o
 .debug_aranges
                0x00000340       0xb0 Libraries\STM32F4xx_StdPeriph_Driver\src\stm32f4xx_dma2d.o
 .debug_aranges
                0x000003f0       0xf0 Libraries\STM32F4xx_StdPeriph_Driver\src\stm32f4xx_fmc.o
 .debug_aranges
                0x000004e0       0x88 Libraries\STM32F4xx_StdPeriph_Driver\src\stm32f4xx_gpio.o
 .debug_aranges
                0x00000568      0x130 Libraries\STM32F4xx_StdPeriph_Driver\src\stm32f4xx_i2c.o
 .debug_aranges
                0x00000698      0x108 Libraries\STM32F4xx_StdPeriph_Driver\src\stm32f4xx_ltdc.o
 .debug_aranges
                0x000007a0      0x1b8 Libraries\STM32F4xx_StdPeriph_Driver\src\stm32f4xx_rcc.o
 .debug_aranges
                0x00000958       0xe0 Libraries\STM32F4xx_StdPeriph_Driver\src\stm32f4xx_spi.o
 .debug_aranges
                0x00000a38      0x100 Libraries\STM32F4xx_StdPeriph_Driver\src\stm32f4xx_usart.o
 .debug_aranges
                0x00000b38       0x18 Utilities\Common\fonts.o
 .debug_aranges
                0x00000b50       0x58 Utilities\STM32F429I-Discovery\stm32f429i_discovery_i2c_ee.o
 .debug_aranges
                0x00000ba8      0x1b0 Utilities\STM32F429I-Discovery\stm32f429i_discovery_lcd.o
 .debug_aranges
                0x00000d58       0x48 Utilities\STM32F429I-Discovery\stm32f429i_discovery_sdram.o
 .debug_aranges
                0x00000da0       0x98 src\main.o
 .debug_aranges
                0x00000e38       0x28 src\startup_stm32f429x.o
 .debug_aranges
                0x00000e60       0x50 src\stm32_ub_uart.o
 .debug_aranges
                0x00000eb0       0x58 src\stm32f4xx_it.o
 .debug_aranges
                0x00000f08       0x30 src\system_stm32f4xx.o
 .debug_aranges
                0x00000f38       0x60 src\tiny_printf.o

.debug_line     0x00000000     0x6da0
 .debug_line    0x00000000      0x255 Libraries\DSP\CommonTables\arm_common_tables.o
 .debug_line    0x00000255      0x2ac Libraries\DSP\ComplexMathFunctions\arm_cmplx_mag_f32.o
 .debug_line    0x00000501      0x275 Libraries\DSP\StatisticsFunctions\arm_max_f32.o
 .debug_line    0x00000776      0x74c Libraries\DSP\TransformFunctions\arm_cfft_radix4_f32.o
 .debug_line    0x00000ec2      0x2a6 Libraries\DSP\TransformFunctions\arm_cfft_radix4_init_f32.o
 .debug_line    0x00001168      0x2e4 Libraries\DSP\TransformFunctions\arm_rfft_f32.o
 .debug_line    0x0000144c      0x281 Libraries\DSP\TransformFunctions\arm_rfft_init_f32.o
 .debug_line    0x000016cd      0x252 Libraries\STM32F4xx_StdPeriph_Driver\src\misc.o
 .debug_line    0x0000191f      0x571 Libraries\STM32F4xx_StdPeriph_Driver\src\stm32f4xx_adc.o
 .debug_line    0x00001e90      0x43e Libraries\STM32F4xx_StdPeriph_Driver\src\stm32f4xx_dma.o
 .debug_line    0x000022ce      0x3e1 Libraries\STM32F4xx_StdPeriph_Driver\src\stm32f4xx_dma2d.o
 .debug_line    0x000026af      0x5cc Libraries\STM32F4xx_StdPeriph_Driver\src\stm32f4xx_fmc.o
 .debug_line    0x00002c7b      0x384 Libraries\STM32F4xx_StdPeriph_Driver\src\stm32f4xx_gpio.o
 .debug_line    0x00002fff      0x52a Libraries\STM32F4xx_StdPeriph_Driver\src\stm32f4xx_i2c.o
 .debug_line    0x00003529      0x50f Libraries\STM32F4xx_StdPeriph_Driver\src\stm32f4xx_ltdc.o
 .debug_line    0x00003a38      0x660 Libraries\STM32F4xx_StdPeriph_Driver\src\stm32f4xx_rcc.o
 .debug_line    0x00004098      0x484 Libraries\STM32F4xx_StdPeriph_Driver\src\stm32f4xx_spi.o
 .debug_line    0x0000451c      0x4de Libraries\STM32F4xx_StdPeriph_Driver\src\stm32f4xx_usart.o
 .debug_line    0x000049fa      0x128 Utilities\Common\fonts.o
 .debug_line    0x00004b22      0x423 Utilities\STM32F429I-Discovery\stm32f429i_discovery_i2c_ee.o
 .debug_line    0x00004f45      0xa88 Utilities\STM32F429I-Discovery\stm32f429i_discovery_lcd.o
 .debug_line    0x000059cd      0x359 Utilities\STM32F429I-Discovery\stm32f429i_discovery_sdram.o
 .debug_line    0x00005d26      0x630 src\main.o
 .debug_line    0x00006356       0x7a src\startup_stm32f429x.o
 .debug_line    0x000063d0      0x2e8 src\stm32_ub_uart.o
 .debug_line    0x000066b8      0x215 src\stm32f4xx_it.o
 .debug_line    0x000068cd      0x21a src\system_stm32f4xx.o
 .debug_line    0x00006ae7      0x2b9 src\tiny_printf.o

.debug_str      0x00000000     0x59fa
 .debug_str     0x00000000      0x647 Libraries\DSP\CommonTables\arm_common_tables.o
                                0x6d8 (size before relaxing)
 .debug_str     0x00000647      0x136 Libraries\DSP\ComplexMathFunctions\arm_cmplx_mag_f32.o
                                0x770 (size before relaxing)
 .debug_str     0x0000077d       0x68 Libraries\DSP\StatisticsFunctions\arm_max_f32.o
                                0x6c3 (size before relaxing)
 .debug_str     0x000007e5      0x14a Libraries\DSP\TransformFunctions\arm_cfft_radix4_f32.o
                                0x7c1 (size before relaxing)
 .debug_str     0x0000092f       0x7e Libraries\DSP\TransformFunctions\arm_cfft_radix4_init_f32.o
                                0x85c (size before relaxing)
 .debug_str     0x000009ad      0x13b Libraries\DSP\TransformFunctions\arm_rfft_f32.o
                                0x88e (size before relaxing)
 .debug_str     0x00000ae8       0x5e Libraries\DSP\TransformFunctions\arm_rfft_init_f32.o
                                0x86f (size before relaxing)
 .debug_str     0x00000b46      0x289 Libraries\STM32F4xx_StdPeriph_Driver\src\misc.o
                                0x464 (size before relaxing)
 .debug_str     0x00000dcf      0x63e Libraries\STM32F4xx_StdPeriph_Driver\src\stm32f4xx_adc.o
                                0x89a (size before relaxing)
 .debug_str     0x0000140d      0x377 Libraries\STM32F4xx_StdPeriph_Driver\src\stm32f4xx_dma.o
                                0x5d8 (size before relaxing)
 .debug_str     0x00001784      0x585 Libraries\STM32F4xx_StdPeriph_Driver\src\stm32f4xx_dma2d.o
                                0x7cc (size before relaxing)
 .debug_str     0x00001d09      0x8bc Libraries\STM32F4xx_StdPeriph_Driver\src\stm32f4xx_fmc.o
                                0xb01 (size before relaxing)
 .debug_str     0x000025c5      0x31b Libraries\STM32F4xx_StdPeriph_Driver\src\stm32f4xx_gpio.o
                                0x539 (size before relaxing)
 .debug_str     0x000028e0      0x488 Libraries\STM32F4xx_StdPeriph_Driver\src\stm32f4xx_i2c.o
                                0x748 (size before relaxing)
 .debug_str     0x00002d68      0x804 Libraries\STM32F4xx_StdPeriph_Driver\src\stm32f4xx_ltdc.o
                                0xabe (size before relaxing)
 .debug_str     0x0000356c      0x709 Libraries\STM32F4xx_StdPeriph_Driver\src\stm32f4xx_rcc.o
                                0xa33 (size before relaxing)
 .debug_str     0x00003c75      0x38c Libraries\STM32F4xx_StdPeriph_Driver\src\stm32f4xx_spi.o
                                0x733 (size before relaxing)
 .debug_str     0x00004001      0x423 Libraries\STM32F4xx_StdPeriph_Driver\src\stm32f4xx_usart.o
                                0x725 (size before relaxing)
 .debug_str     0x00004424       0x95 Utilities\Common\fonts.o
                                0x252 (size before relaxing)
 .debug_str     0x000044b9      0x185 Utilities\STM32F429I-Discovery\stm32f429i_discovery_i2c_ee.o
                                0x4b7 (size before relaxing)
 .debug_str     0x0000463e      0x571 Utilities\STM32F429I-Discovery\stm32f429i_discovery_lcd.o
                                0xf7f (size before relaxing)
 .debug_str     0x00004baf      0x117 Utilities\STM32F429I-Discovery\stm32f429i_discovery_sdram.o
                                0x6d0 (size before relaxing)
 .debug_str     0x00004cc6      0xa71 src\main.o
                               0x1606 (size before relaxing)
 .debug_str     0x00005737      0x117 src\stm32_ub_uart.o
                                0xbdd (size before relaxing)
 .debug_str     0x0000584e       0x96 src\stm32f4xx_it.o
                                0x275 (size before relaxing)
 .debug_str     0x000058e4       0x76 src\system_stm32f4xx.o
                                0x42b (size before relaxing)
 .debug_str     0x0000595a       0xa0 src\tiny_printf.o
                                0x69a (size before relaxing)

.comment        0x00000000       0x7c
 .comment       0x00000000       0x7c Libraries\DSP\CommonTables\arm_common_tables.o
                                 0x7d (size before relaxing)
 .comment       0x0000007c       0x7d Libraries\DSP\ComplexMathFunctions\arm_cmplx_mag_f32.o
 .comment       0x0000007c       0x7d Libraries\DSP\StatisticsFunctions\arm_max_f32.o
 .comment       0x0000007c       0x7d Libraries\DSP\TransformFunctions\arm_cfft_radix4_f32.o
 .comment       0x0000007c       0x7d Libraries\DSP\TransformFunctions\arm_cfft_radix4_init_f32.o
 .comment       0x0000007c       0x7d Libraries\DSP\TransformFunctions\arm_rfft_f32.o
 .comment       0x0000007c       0x7d Libraries\DSP\TransformFunctions\arm_rfft_init_f32.o
 .comment       0x0000007c       0x7d Libraries\STM32F4xx_StdPeriph_Driver\src\misc.o
 .comment       0x0000007c       0x7d Libraries\STM32F4xx_StdPeriph_Driver\src\stm32f4xx_adc.o
 .comment       0x0000007c       0x7d Libraries\STM32F4xx_StdPeriph_Driver\src\stm32f4xx_dma.o
 .comment       0x0000007c       0x7d Libraries\STM32F4xx_StdPeriph_Driver\src\stm32f4xx_dma2d.o
 .comment       0x0000007c       0x7d Libraries\STM32F4xx_StdPeriph_Driver\src\stm32f4xx_fmc.o
 .comment       0x0000007c       0x7d Libraries\STM32F4xx_StdPeriph_Driver\src\stm32f4xx_gpio.o
 .comment       0x0000007c       0x7d Libraries\STM32F4xx_StdPeriph_Driver\src\stm32f4xx_i2c.o
 .comment       0x0000007c       0x7d Libraries\STM32F4xx_StdPeriph_Driver\src\stm32f4xx_ltdc.o
 .comment       0x0000007c       0x7d Libraries\STM32F4xx_StdPeriph_Driver\src\stm32f4xx_rcc.o
 .comment       0x0000007c       0x7d Libraries\STM32F4xx_StdPeriph_Driver\src\stm32f4xx_spi.o
 .comment       0x0000007c       0x7d Libraries\STM32F4xx_StdPeriph_Driver\src\stm32f4xx_usart.o
 .comment       0x0000007c       0x7d Utilities\Common\fonts.o
 .comment       0x0000007c       0x7d Utilities\STM32F429I-Discovery\stm32f429i_discovery_i2c_ee.o
 .comment       0x0000007c       0x7d Utilities\STM32F429I-Discovery\stm32f429i_discovery_lcd.o
 .comment       0x0000007c       0x7d Utilities\STM32F429I-Discovery\stm32f429i_discovery_sdram.o
 .comment       0x0000007c       0x7d src\main.o
 .comment       0x0000007c       0x7d src\stm32_ub_uart.o
 .comment       0x0000007c       0x7d src\stm32f4xx_it.o
 .comment       0x0000007c       0x7d src\system_stm32f4xx.o
 .comment       0x0000007c       0x7d src\tiny_printf.o

.debug_ranges   0x00000000      0xdd0
 .debug_ranges  0x00000000       0x18 Libraries\DSP\ComplexMathFunctions\arm_cmplx_mag_f32.o
 .debug_ranges  0x00000018       0x10 Libraries\DSP\StatisticsFunctions\arm_max_f32.o
 .debug_ranges  0x00000028       0x28 Libraries\DSP\TransformFunctions\arm_cfft_radix4_f32.o
 .debug_ranges  0x00000050       0x10 Libraries\DSP\TransformFunctions\arm_cfft_radix4_init_f32.o
 .debug_ranges  0x00000060       0x20 Libraries\DSP\TransformFunctions\arm_rfft_f32.o
 .debug_ranges  0x00000080       0x10 Libraries\DSP\TransformFunctions\arm_rfft_init_f32.o
 .debug_ranges  0x00000090       0x30 Libraries\STM32F4xx_StdPeriph_Driver\src\misc.o
 .debug_ranges  0x000000c0      0x138 Libraries\STM32F4xx_StdPeriph_Driver\src\stm32f4xx_adc.o
 .debug_ranges  0x000001f8       0xa0 Libraries\STM32F4xx_StdPeriph_Driver\src\stm32f4xx_dma.o
 .debug_ranges  0x00000298       0xa0 Libraries\STM32F4xx_StdPeriph_Driver\src\stm32f4xx_dma2d.o
 .debug_ranges  0x00000338       0xe0 Libraries\STM32F4xx_StdPeriph_Driver\src\stm32f4xx_fmc.o
 .debug_ranges  0x00000418       0x78 Libraries\STM32F4xx_StdPeriph_Driver\src\stm32f4xx_gpio.o
 .debug_ranges  0x00000490      0x120 Libraries\STM32F4xx_StdPeriph_Driver\src\stm32f4xx_i2c.o
 .debug_ranges  0x000005b0       0xf8 Libraries\STM32F4xx_StdPeriph_Driver\src\stm32f4xx_ltdc.o
 .debug_ranges  0x000006a8      0x1a8 Libraries\STM32F4xx_StdPeriph_Driver\src\stm32f4xx_rcc.o
 .debug_ranges  0x00000850       0xd0 Libraries\STM32F4xx_StdPeriph_Driver\src\stm32f4xx_spi.o
 .debug_ranges  0x00000920       0xf0 Libraries\STM32F4xx_StdPeriph_Driver\src\stm32f4xx_usart.o
 .debug_ranges  0x00000a10       0x48 Utilities\STM32F429I-Discovery\stm32f429i_discovery_i2c_ee.o
 .debug_ranges  0x00000a58      0x1a0 Utilities\STM32F429I-Discovery\stm32f429i_discovery_lcd.o
 .debug_ranges  0x00000bf8       0x38 Utilities\STM32F429I-Discovery\stm32f429i_discovery_sdram.o
 .debug_ranges  0x00000c30       0x88 src\main.o
 .debug_ranges  0x00000cb8       0x20 src\startup_stm32f429x.o
 .debug_ranges  0x00000cd8       0x40 src\stm32_ub_uart.o
 .debug_ranges  0x00000d18       0x48 src\stm32f4xx_it.o
 .debug_ranges  0x00000d60       0x20 src\system_stm32f4xx.o
 .debug_ranges  0x00000d80       0x50 src\tiny_printf.o

.debug_frame    0x00000000     0x4260
 .debug_frame   0x00000000       0x58 Libraries\DSP\ComplexMathFunctions\arm_cmplx_mag_f32.o
 .debug_frame   0x00000058       0x38 Libraries\DSP\StatisticsFunctions\arm_max_f32.o
 .debug_frame   0x00000090       0xb4 Libraries\DSP\TransformFunctions\arm_cfft_radix4_f32.o
 .debug_frame   0x00000144       0x38 Libraries\DSP\TransformFunctions\arm_cfft_radix4_init_f32.o
 .debug_frame   0x0000017c       0x8c Libraries\DSP\TransformFunctions\arm_rfft_f32.o
 .debug_frame   0x00000208       0x34 Libraries\DSP\TransformFunctions\arm_rfft_init_f32.o
 .debug_frame   0x0000023c       0xd8 Libraries\STM32F4xx_StdPeriph_Driver\src\misc.o
 .debug_frame   0x00000314      0x5ec Libraries\STM32F4xx_StdPeriph_Driver\src\stm32f4xx_adc.o
 .debug_frame   0x00000900      0x308 Libraries\STM32F4xx_StdPeriph_Driver\src\stm32f4xx_dma.o
 .debug_frame   0x00000c08      0x2ec Libraries\STM32F4xx_StdPeriph_Driver\src\stm32f4xx_dma2d.o
 .debug_frame   0x00000ef4      0x440 Libraries\STM32F4xx_StdPeriph_Driver\src\stm32f4xx_fmc.o
 .debug_frame   0x00001334      0x23c Libraries\STM32F4xx_StdPeriph_Driver\src\stm32f4xx_gpio.o
 .debug_frame   0x00001570      0x580 Libraries\STM32F4xx_StdPeriph_Driver\src\stm32f4xx_i2c.o
 .debug_frame   0x00001af0      0x4b4 Libraries\STM32F4xx_StdPeriph_Driver\src\stm32f4xx_ltdc.o
 .debug_frame   0x00001fa4      0x814 Libraries\STM32F4xx_StdPeriph_Driver\src\stm32f4xx_rcc.o
 .debug_frame   0x000027b8      0x3f4 Libraries\STM32F4xx_StdPeriph_Driver\src\stm32f4xx_spi.o
 .debug_frame   0x00002bac      0x490 Libraries\STM32F4xx_StdPeriph_Driver\src\stm32f4xx_usart.o
 .debug_frame   0x0000303c      0x120 Utilities\STM32F429I-Discovery\stm32f429i_discovery_i2c_ee.o
 .debug_frame   0x0000315c      0x77c Utilities\STM32F429I-Discovery\stm32f429i_discovery_lcd.o
 .debug_frame   0x000038d8       0xec Utilities\STM32F429I-Discovery\stm32f429i_discovery_sdram.o
 .debug_frame   0x000039c4      0x244 src\main.o
 .debug_frame   0x00003c08      0x118 src\stm32_ub_uart.o
 .debug_frame   0x00003d20       0xf0 src\stm32f4xx_it.o
 .debug_frame   0x00003e10       0x7c src\system_stm32f4xx.o
 .debug_frame   0x00003e8c      0x1bc src\tiny_printf.o
 .debug_frame   0x00004048       0x2c c:/program files (x86)/atollic/truestudio for arm 8.0.0/armtools/bin/../lib/gcc/arm-atollic-eabi/6.3.1/../../../../arm-atollic-eabi/lib/armv7e-m/fpu\libc_nano.a(lib_a-init.o)
 .debug_frame   0x00004074       0x20 c:/program files (x86)/atollic/truestudio for arm 8.0.0/armtools/bin/../lib/gcc/arm-atollic-eabi/6.3.1/../../../../arm-atollic-eabi/lib/armv7e-m/fpu\libc_nano.a(lib_a-memset.o)
 .debug_frame   0x00004094       0x40 c:/program files (x86)/atollic/truestudio for arm 8.0.0/armtools/bin/../lib/gcc/arm-atollic-eabi/6.3.1/../../../../arm-atollic-eabi/lib/armv7e-m/fpu\libm.a(lib_a-wf_sqrt.o)
 .debug_frame   0x000040d4       0x2c c:/program files (x86)/atollic/truestudio for arm 8.0.0/armtools/bin/../lib/gcc/arm-atollic-eabi/6.3.1/../../../../arm-atollic-eabi/lib/armv7e-m/fpu\libm.a(lib_a-ef_sqrt.o)
 .debug_frame   0x00004100       0x20 c:/program files (x86)/atollic/truestudio for arm 8.0.0/armtools/bin/../lib/gcc/arm-atollic-eabi/6.3.1/../../../../arm-atollic-eabi/lib/armv7e-m/fpu\libm.a(lib_a-s_matherr.o)
 .debug_frame   0x00004120       0x20 c:/program files (x86)/atollic/truestudio for arm 8.0.0/armtools/bin/../lib/gcc/arm-atollic-eabi/6.3.1/../../../../arm-atollic-eabi/lib/armv7e-m/fpu\libc_nano.a(lib_a-errno.o)
 .debug_frame   0x00004140       0xac c:/program files (x86)/atollic/truestudio for arm 8.0.0/armtools/bin/../lib/gcc/arm-atollic-eabi/6.3.1/armv7e-m/fpu\libgcc.a(_arm_addsubdf3.o)
 .debug_frame   0x000041ec       0x50 c:/program files (x86)/atollic/truestudio for arm 8.0.0/armtools/bin/../lib/gcc/arm-atollic-eabi/6.3.1/armv7e-m/fpu\libgcc.a(_arm_muldivdf3.o)
 .debug_frame   0x0000423c       0x24 c:/program files (x86)/atollic/truestudio for arm 8.0.0/armtools/bin/../lib/gcc/arm-atollic-eabi/6.3.1/armv7e-m/fpu\libgcc.a(_arm_truncdfsf2.o)

.stabstr        0x00000000       0x3f
 .stabstr       0x00000000       0x3f c:/program files (x86)/atollic/truestudio for arm 8.0.0/armtools/bin/../lib/gcc/arm-atollic-eabi/6.3.1/../../../../arm-atollic-eabi/lib/armv7e-m/fpu\libnosys.a(write.o)

Cross Reference Table

Symbol                                            File
ADC_AnalogWatchdogCmd                             Libraries\STM32F4xx_StdPeriph_Driver\src\stm32f4xx_adc.o
ADC_AnalogWatchdogSingleChannelConfig             Libraries\STM32F4xx_StdPeriph_Driver\src\stm32f4xx_adc.o
ADC_AnalogWatchdogThresholdsConfig                Libraries\STM32F4xx_StdPeriph_Driver\src\stm32f4xx_adc.o
ADC_AutoInjectedConvCmd                           Libraries\STM32F4xx_StdPeriph_Driver\src\stm32f4xx_adc.o
ADC_ClearFlag                                     Libraries\STM32F4xx_StdPeriph_Driver\src\stm32f4xx_adc.o
ADC_ClearITPendingBit                             Libraries\STM32F4xx_StdPeriph_Driver\src\stm32f4xx_adc.o
ADC_Cmd                                           Libraries\STM32F4xx_StdPeriph_Driver\src\stm32f4xx_adc.o
                                                  src\main.o
ADC_CommonInit                                    Libraries\STM32F4xx_StdPeriph_Driver\src\stm32f4xx_adc.o
ADC_CommonStructInit                              Libraries\STM32F4xx_StdPeriph_Driver\src\stm32f4xx_adc.o
ADC_ContinuousModeCmd                             Libraries\STM32F4xx_StdPeriph_Driver\src\stm32f4xx_adc.o
ADC_DMACmd                                        Libraries\STM32F4xx_StdPeriph_Driver\src\stm32f4xx_adc.o
ADC_DMARequestAfterLastTransferCmd                Libraries\STM32F4xx_StdPeriph_Driver\src\stm32f4xx_adc.o
ADC_DeInit                                        Libraries\STM32F4xx_StdPeriph_Driver\src\stm32f4xx_adc.o
ADC_DiscModeChannelCountConfig                    Libraries\STM32F4xx_StdPeriph_Driver\src\stm32f4xx_adc.o
ADC_DiscModeCmd                                   Libraries\STM32F4xx_StdPeriph_Driver\src\stm32f4xx_adc.o
ADC_EOCOnEachRegularChannelCmd                    Libraries\STM32F4xx_StdPeriph_Driver\src\stm32f4xx_adc.o
ADC_ExternalTrigInjectedConvConfig                Libraries\STM32F4xx_StdPeriph_Driver\src\stm32f4xx_adc.o
ADC_ExternalTrigInjectedConvEdgeConfig            Libraries\STM32F4xx_StdPeriph_Driver\src\stm32f4xx_adc.o
ADC_GetConversionValue                            Libraries\STM32F4xx_StdPeriph_Driver\src\stm32f4xx_adc.o
                                                  src\main.o
ADC_GetFlagStatus                                 Libraries\STM32F4xx_StdPeriph_Driver\src\stm32f4xx_adc.o
                                                  src\main.o
ADC_GetITStatus                                   Libraries\STM32F4xx_StdPeriph_Driver\src\stm32f4xx_adc.o
ADC_GetInjectedConversionValue                    Libraries\STM32F4xx_StdPeriph_Driver\src\stm32f4xx_adc.o
ADC_GetMultiModeConversionValue                   Libraries\STM32F4xx_StdPeriph_Driver\src\stm32f4xx_adc.o
ADC_GetSoftwareStartConvStatus                    Libraries\STM32F4xx_StdPeriph_Driver\src\stm32f4xx_adc.o
ADC_GetSoftwareStartInjectedConvCmdStatus         Libraries\STM32F4xx_StdPeriph_Driver\src\stm32f4xx_adc.o
ADC_IRQHandler                                    src\startup_stm32f429x.o
ADC_ITConfig                                      Libraries\STM32F4xx_StdPeriph_Driver\src\stm32f4xx_adc.o
ADC_Init                                          Libraries\STM32F4xx_StdPeriph_Driver\src\stm32f4xx_adc.o
                                                  src\main.o
ADC_InjectedChannelConfig                         Libraries\STM32F4xx_StdPeriph_Driver\src\stm32f4xx_adc.o
ADC_InjectedDiscModeCmd                           Libraries\STM32F4xx_StdPeriph_Driver\src\stm32f4xx_adc.o
ADC_InjectedSequencerLengthConfig                 Libraries\STM32F4xx_StdPeriph_Driver\src\stm32f4xx_adc.o