core_cm4.h:1550:22:NVIC_SetPriority	16	static
core_cm4.h:1677:26:SysTick_Config	16	static
main.c:13:6:CheckOutCLK	16	static
main.c:32:6:KonfiguracjaADC	72	static
main.c:88:6:Display_Init	8	static
main.c:107:6:DrawFFT	24	static
main.c:151:6:FFT_Calculate	16	static
main.c:166:5:KonwersjaADC	16	static
main.c:176:10:ReadAdc	16	static
main.c:180:6:Collect	32	static
main.c:278:6:Delay	16	static
main.c:285:6:TimingDelay_Decrement	4	static
main.c:291:6:Clear	8	static
main.c:301:6:Overwrite	16	static
main.c:315:6:SysTick_Handler	4	static
main.c:319:5:main	24	static
